#
# There is insufficient memory for the Java Runtime Environment to continue.
# Native memory allocation (malloc) failed to allocate 2831216 bytes for Chunk::new
# Possible reasons:
#   The system is out of physical RAM or swap space
#   The process is running with CompressedOops enabled, and the Java Heap may be blocking the growth of the native heap
# Possible solutions:
#   Reduce memory load on the system
#   Increase physical memory or swap space
#   Check if swap backing store is full
#   Decrease Java heap size (-Xmx/-Xms)
#   Decrease number of Java threads
#   Decrease Java thread stack sizes (-Xss)
#   Set larger code cache with -XX:ReservedCodeCacheSize=
#   JVM is running with Unscaled Compressed Oops mode in which the Java heap is
#     placed in the first 4GB address space. The Java Heap base address is the
#     maximum limit for the native heap growth. Please use -XX:HeapBaseMinAddress
#     to set the Java Heap base and to place the Java Heap above 4GB virtual address.
# This output file may be truncated or incomplete.
#
#  Out of Memory Error (arena.cpp:189), pid=36100, tid=20076
#
# JRE version: Java(TM) SE Runtime Environment (17.0.1+12) (build 17.0.1+12-LTS-39)
# Java VM: Java HotSpot(TM) 64-Bit Server VM (17.0.1+12-LTS-39, mixed mode, sharing, tiered, compressed oops, compressed class ptrs, g1 gc, windows-amd64)
# No core dump will be written. Minidumps are not enabled by default on client versions of Windows
#

---------------  S U M M A R Y ------------

Command Line: -agentlib:jdwp=transport=dt_socket,address=127.0.0.1:58234,suspend=y,server=n -javaagent:C:\Users\rober\AppData\Local\JetBrains\IdeaIC2025.2\captureAgent\debugger-agent.jar=file:///C:/Users/rober/AppData/Local/Temp/capture3387563467408248831.props -agentpath:C:\Users\rober\AppData\Local\Temp\idea_libasyncProfiler_dll_temp_folder1\libasyncProfiler.dll=version,jfr,event=wall,interval=10ms,cstack=no,file=C:\Users\rober\IdeaSnapshots\UsersMicroserviceApplication_2025_10_30_124331.jfr,dbghelppath=C:\Users\rober\AppData\Local\Temp\idea_dbghelp_dll_temp_folder\dbghelp.dll,log=C:\Users\rober\AppData\Local\Temp\UsersMicroserviceApplication_2025_10_30_124331.jfr.log.txt,logLevel=DEBUG -Dkotlinx.coroutines.debug.enable.creation.stack.trace=false -Ddebugger.agent.enable.coroutines=true -Dkotlinx.coroutines.debug.enable.flows.stack.trace=true -Dkotlinx.coroutines.debug.enable.mutable.state.flows.stack.trace=true -Dfile.encoding=UTF-8 com.users.UsersMicroservice.UsersMicroserviceApplication

Host: Intel(R) Core(TM) i5-10210U CPU @ 1.60GHz, 8 cores, 7G,  Windows 10 , 64 bit Build 22621 (10.0.22621.5415)
Time: Thu Oct 30 12:43:47 2025 Hora estándar romance elapsed time: 15.105290 seconds (0d 0h 0m 15s)

---------------  T H R E A D  ---------------

Current thread (0x0000013cd42b5ad0):  JavaThread "C2 CompilerThread0" daemon [_thread_in_native, id=20076, stack(0x0000003453800000,0x0000003453900000)]


Current CompileTask:
C2:  15105 6629   !   4       org.springframework.util.ReflectionUtils::getDeclaredMethods (186 bytes)

Stack: [0x0000003453800000,0x0000003453900000]
Native frames: (J=compiled Java code, j=interpreted, Vv=VM code, C=native code)
V  [jvm.dll+0x66fa1a]
V  [jvm.dll+0x7ce5a4]
V  [jvm.dll+0x7cfd4e]
V  [jvm.dll+0x7d03b3]
V  [jvm.dll+0x242b05]
V  [jvm.dll+0xaa05b]
V  [jvm.dll+0xaa5ec]
V  [jvm.dll+0x35f9b2]
V  [jvm.dll+0x329f51]
V  [jvm.dll+0x3293fa]
V  [jvm.dll+0x215bf1]
V  [jvm.dll+0x215011]
V  [jvm.dll+0x1a168d]
V  [jvm.dll+0x224848]
V  [jvm.dll+0x2229ac]
V  [jvm.dll+0x78435b]
V  [jvm.dll+0x77e91a]
V  [jvm.dll+0x66e845]
C  [ucrtbase.dll+0x29333]
C  [KERNEL32.DLL+0x1259d]
C  [ntdll.dll+0x5af78]


---------------  P R O C E S S  ---------------

Threads class SMR info:
_java_thread_list=0x0000013cdac51f40, length=27, elements={
0x0000013cb387e860, 0x0000013cbd39fec0, 0x0000013cbd3a3e90, 0x0000013cd42aa280,
0x0000013cd42acb50, 0x0000013cd42ad410, 0x0000013cd42b1dd0, 0x0000013cd42b5ad0,
0x0000013cd42be580, 0x0000013cd42c4ba0, 0x0000013cd43d3350, 0x0000013cd4489050,
0x0000013cd4489ef0, 0x0000013cd448a5d0, 0x0000013cd455a470, 0x0000013cd50939a0,
0x0000013cd56c9c80, 0x0000013cd56c62c0, 0x0000013cdb763b80, 0x0000013cdffc9030,
0x0000013cdffc6010, 0x0000013cdffc7350, 0x0000013cdaecbaf0, 0x0000013cdcbaf870,
0x0000013cdcbb40a0, 0x0000013ce3762b90, 0x0000013ce375da90
}

Java Threads: ( => current thread )
  0x0000013cb387e860 JavaThread "main" [_thread_blocked, id=20920, stack(0x0000003452b00000,0x0000003452c00000)]
  0x0000013cbd39fec0 JavaThread "Reference Handler" daemon [_thread_blocked, id=27900, stack(0x0000003453200000,0x0000003453300000)]
  0x0000013cbd3a3e90 JavaThread "Finalizer" daemon [_thread_blocked, id=16816, stack(0x0000003453300000,0x0000003453400000)]
  0x0000013cd42aa280 JavaThread "Signal Dispatcher" daemon [_thread_blocked, id=13668, stack(0x0000003453400000,0x0000003453500000)]
  0x0000013cd42acb50 JavaThread "Attach Listener" daemon [_thread_blocked, id=6776, stack(0x0000003453500000,0x0000003453600000)]
  0x0000013cd42ad410 JavaThread "Service Thread" daemon [_thread_blocked, id=31336, stack(0x0000003453600000,0x0000003453700000)]
  0x0000013cd42b1dd0 JavaThread "Monitor Deflation Thread" daemon [_thread_blocked, id=5688, stack(0x0000003453700000,0x0000003453800000)]
=>0x0000013cd42b5ad0 JavaThread "C2 CompilerThread0" daemon [_thread_in_native, id=20076, stack(0x0000003453800000,0x0000003453900000)]
  0x0000013cd42be580 JavaThread "C1 CompilerThread0" daemon [_thread_blocked, id=30596, stack(0x0000003453900000,0x0000003453a00000)]
  0x0000013cd42c4ba0 JavaThread "Sweeper thread" daemon [_thread_blocked, id=28244, stack(0x0000003453a00000,0x0000003453b00000)]
  0x0000013cd43d3350 JavaThread "Common-Cleaner" daemon [_thread_blocked, id=34812, stack(0x0000003453b00000,0x0000003453c00000)]
  0x0000013cd4489050 JavaThread "JDWP Transport Listener: dt_socket" daemon [_thread_blocked, id=5452, stack(0x0000003453c00000,0x0000003453d00000)]
  0x0000013cd4489ef0 JavaThread "JDWP Event Helper Thread" daemon [_thread_blocked, id=32080, stack(0x0000003453d00000,0x0000003453e00000)]
  0x0000013cd448a5d0 JavaThread "JDWP Command Reader" daemon [_thread_in_native, id=14736, stack(0x0000003453e00000,0x0000003453f00000)]
  0x0000013cd455a470 JavaThread "IntelliJ Suspend Helper" daemon [_thread_blocked, id=17552, stack(0x0000003453f00000,0x0000003454000000)]
  0x0000013cd50939a0 JavaThread "Notification Thread" daemon [_thread_blocked, id=34776, stack(0x0000003454000000,0x0000003454100000)]
  0x0000013cd56c9c80 JavaThread "Thread-0" [_thread_blocked, id=14712, stack(0x0000003454a00000,0x0000003454b00000)]
  0x0000013cd56c62c0 JavaThread "restartedMain" [_thread_blocked, id=14792, stack(0x0000003454b00000,0x0000003454c00000)]
  0x0000013cdb763b80 JavaThread "javamelody" daemon [_thread_blocked, id=30244, stack(0x0000003454c00000,0x0000003454d00000)]
  0x0000013cdffc9030 JavaThread "Catalina-utility-1" [_thread_blocked, id=24276, stack(0x0000003454e00000,0x0000003454f00000)]
  0x0000013cdffc6010 JavaThread "Catalina-utility-2" [_thread_blocked, id=38508, stack(0x0000003454f00000,0x0000003455000000)]
  0x0000013cdffc7350 JavaThread "container-0" [_thread_blocked, id=17800, stack(0x0000003455000000,0x0000003455100000)]
  0x0000013cdaecbaf0 JavaThread "mysql-cj-abandoned-connection-cleanup" daemon [_thread_blocked, id=27476, stack(0x0000003455200000,0x0000003455300000)]
  0x0000013cdcbaf870 JavaThread "HikariPool-1:housekeeper" daemon [_thread_blocked, id=19316, stack(0x0000003455300000,0x0000003455400000)]
  0x0000013cdcbb40a0 JavaThread "HikariPool-1:connection-adder" daemon [_thread_blocked, id=31012, stack(0x0000003455400000,0x0000003455500000)]
  0x0000013ce3762b90 JavaThread "C2 CompilerThread1" daemon [_thread_in_native, id=18176, stack(0x0000003454200000,0x0000003454300000)]
  0x0000013ce375da90 JavaThread "C2 CompilerThread2" daemon [_thread_in_native, id=35792, stack(0x0000003455500000,0x0000003455600000)]

Other Threads:
  0x0000013cbd39d730 VMThread "VM Thread" [stack: 0x0000003453100000,0x0000003453200000] [id=27828]
  0x0000013cbd273100 WatcherThread [stack: 0x0000003454100000,0x0000003454200000] [id=7628]
  0x0000013cbd25b880 GCTaskThread "GC Thread#0" [stack: 0x0000003452c00000,0x0000003452d00000] [id=30788]
  0x0000013cd5c0a050 GCTaskThread "GC Thread#1" [stack: 0x0000003454300000,0x0000003454400000] [id=26760]
  0x0000013cd5c02ca0 GCTaskThread "GC Thread#2" [stack: 0x0000003454400000,0x0000003454500000] [id=24032]
  0x0000013cd596a190 GCTaskThread "GC Thread#3" [stack: 0x0000003454500000,0x0000003454600000] [id=25548]
  0x0000013cd59a0460 GCTaskThread "GC Thread#4" [stack: 0x0000003454600000,0x0000003454700000] [id=37868]
  0x0000013cd5fa23e0 GCTaskThread "GC Thread#5" [stack: 0x0000003454700000,0x0000003454800000] [id=740]
  0x0000013cd5fa2130 GCTaskThread "GC Thread#6" [stack: 0x0000003454800000,0x0000003454900000] [id=16536]
  0x0000013cd5fa1670 GCTaskThread "GC Thread#7" [stack: 0x0000003454900000,0x0000003454a00000] [id=33380]
  0x0000013cbd26c2c0 ConcurrentGCThread "G1 Main Marker" [stack: 0x0000003452d00000,0x0000003452e00000] [id=35712]
  0x0000013cbd26ccd0 ConcurrentGCThread "G1 Conc#0" [stack: 0x0000003452e00000,0x0000003452f00000] [id=19124]
  0x0000013cd7b76fe0 ConcurrentGCThread "G1 Conc#1" [stack: 0x0000003454d00000,0x0000003454e00000] [id=36500]
  0x0000013cbd32da80 ConcurrentGCThread "G1 Refine#0" [stack: 0x0000003452f00000,0x0000003453000000] [id=31800]
  0x0000013cbd32e4a0 ConcurrentGCThread "G1 Service" [stack: 0x0000003453000000,0x0000003453100000] [id=30064]

Threads with active compile tasks:
C2 CompilerThread0    15141 6629   !   4       org.springframework.util.ReflectionUtils::getDeclaredMethods (186 bytes)
C2 CompilerThread1    15141 6617       4       org.springframework.core.ResolvableType::forType (112 bytes)
C2 CompilerThread2    15141 6620       4       org.springframework.core.ResolvableType::as (86 bytes)

VM state: not at safepoint (normal execution)

VM Mutex/Monitor currently owned by a thread: None

Heap address: 0x0000000082800000, size: 2008 MB, Compressed Oops mode: 32-bit

CDS archive(s) mapped at: [0x0000000800000000-0x0000000800bc0000-0x0000000800bc0000), size 12320768, SharedBaseAddress: 0x0000000800000000, ArchiveRelocationMode: 0.
Compressed class space mapped at: 0x0000000800c00000-0x0000000840c00000, reserved size: 1073741824
Narrow klass base: 0x0000000800000000, Narrow klass shift: 0, Narrow klass range: 0x100000000

GC Precious Log:
 CPUs: 8 total, 8 available
 Memory: 8025M
 Large Page Support: Disabled
 NUMA Support: Disabled
 Compressed Oops: Enabled (32-bit)
 Heap Region Size: 1M
 Heap Min Capacity: 8M
 Heap Initial Capacity: 126M
 Heap Max Capacity: 2008M
 Pre-touch: Disabled
 Parallel Workers: 8
 Concurrent Workers: 2
 Concurrent Refinement Workers: 8
 Periodic GC: Disabled

Heap:
 garbage-first heap   total 119808K, used 58921K [0x0000000082800000, 0x0000000100000000)
  region size 1024K, 28 young (28672K), 3 survivors (3072K)
 Metaspace       used 76940K, committed 77504K, reserved 1122304K
  class space    used 9914K, committed 10176K, reserved 1048576K

Heap Regions: E=young(eden), S=young(survivor), O=old, HS=humongous(starts), HC=humongous(continues), CS=collection set, F=free, OA=open archive, CA=closed archive, TAMS=top-at-mark-start (previous, next)
|   0|0x0000000082800000, 0x0000000082900000, 0x0000000082900000|100%|HS|  |TAMS 0x0000000082900000, 0x0000000082800000| Complete 
|   1|0x0000000082900000, 0x0000000082a00000, 0x0000000082a00000|100%|HS|  |TAMS 0x0000000082a00000, 0x0000000082900000| Complete 
|   2|0x0000000082a00000, 0x0000000082b00000, 0x0000000082b00000|100%| O|  |TAMS 0x0000000082b00000, 0x0000000082a00000| Untracked 
|   3|0x0000000082b00000, 0x0000000082c00000, 0x0000000082c00000|100%| O|  |TAMS 0x0000000082c00000, 0x0000000082b00000| Untracked 
|   4|0x0000000082c00000, 0x0000000082d00000, 0x0000000082d00000|100%| O|  |TAMS 0x0000000082d00000, 0x0000000082c00000| Untracked 
|   5|0x0000000082d00000, 0x0000000082e00000, 0x0000000082e00000|100%| O|  |TAMS 0x0000000082e00000, 0x0000000082d00000| Untracked 
|   6|0x0000000082e00000, 0x0000000082f00000, 0x0000000082f00000|100%| O|  |TAMS 0x0000000082f00000, 0x0000000082e00000| Untracked 
|   7|0x0000000082f00000, 0x0000000083000000, 0x0000000083000000|100%| O|  |TAMS 0x0000000083000000, 0x0000000082f00000| Untracked 
|   8|0x0000000083000000, 0x000000008303a000, 0x0000000083100000| 22%| O|  |TAMS 0x000000008303a000, 0x0000000083000000| Untracked 
|   9|0x0000000083100000, 0x0000000083200000, 0x0000000083200000|100%| O|  |TAMS 0x0000000083200000, 0x0000000083100000| Untracked 
|  10|0x0000000083200000, 0x0000000083300000, 0x0000000083300000|100%| O|  |TAMS 0x0000000083300000, 0x0000000083200000| Untracked 
|  11|0x0000000083300000, 0x0000000083400000, 0x0000000083400000|100%| O|  |TAMS 0x0000000083400000, 0x0000000083300000| Untracked 
|  12|0x0000000083400000, 0x0000000083500000, 0x0000000083500000|100%| O|  |TAMS 0x0000000083500000, 0x0000000083400000| Untracked 
|  13|0x0000000083500000, 0x0000000083600000, 0x0000000083600000|100%| O|  |TAMS 0x0000000083600000, 0x0000000083500000| Untracked 
|  14|0x0000000083600000, 0x0000000083700000, 0x0000000083700000|100%| O|  |TAMS 0x0000000083700000, 0x0000000083600000| Untracked 
|  15|0x0000000083700000, 0x0000000083800000, 0x0000000083800000|100%| O|  |TAMS 0x0000000083800000, 0x0000000083700000| Untracked 
|  16|0x0000000083800000, 0x0000000083900000, 0x0000000083900000|100%| O|  |TAMS 0x0000000083900000, 0x0000000083800000| Untracked 
|  17|0x0000000083900000, 0x000000008397fe00, 0x0000000083a00000| 49%| O|  |TAMS 0x000000008397fe00, 0x0000000083900000| Untracked 
|  18|0x0000000083a00000, 0x0000000083b00000, 0x0000000083b00000|100%| O|  |TAMS 0x0000000083b00000, 0x0000000083a00000| Untracked 
|  19|0x0000000083b00000, 0x0000000083c00000, 0x0000000083c00000|100%| O|  |TAMS 0x0000000083c00000, 0x0000000083b00000| Untracked 
|  20|0x0000000083c00000, 0x0000000083d00000, 0x0000000083d00000|100%| O|  |TAMS 0x0000000083d00000, 0x0000000083c00000| Untracked 
|  21|0x0000000083d00000, 0x0000000083e00000, 0x0000000083e00000|100%| O|  |TAMS 0x0000000083e00000, 0x0000000083d00000| Untracked 
|  22|0x0000000083e00000, 0x0000000083f00000, 0x0000000083f00000|100%| O|  |TAMS 0x0000000083e06e00, 0x0000000083e00000| Untracked 
|  23|0x0000000083f00000, 0x0000000084000000, 0x0000000084000000|100%| O|  |TAMS 0x0000000083f00000, 0x0000000083f00000| Untracked 
|  24|0x0000000084000000, 0x0000000084100000, 0x0000000084100000|100%| O|  |TAMS 0x0000000084000000, 0x0000000084000000| Untracked 
|  25|0x0000000084100000, 0x0000000084200000, 0x0000000084200000|100%| O|  |TAMS 0x0000000084100000, 0x0000000084100000| Untracked 
|  26|0x0000000084200000, 0x0000000084300000, 0x0000000084300000|100%| O|  |TAMS 0x0000000084200000, 0x0000000084200000| Untracked 
|  27|0x0000000084300000, 0x000000008436b200, 0x0000000084400000| 41%| O|  |TAMS 0x0000000084300000, 0x0000000084300000| Untracked 
|  28|0x0000000084400000, 0x0000000084500000, 0x0000000084500000|100%| O|  |TAMS 0x0000000084400000, 0x0000000084400000| Untracked 
|  29|0x0000000084500000, 0x0000000084600000, 0x0000000084600000|100%| O|  |TAMS 0x0000000084500000, 0x0000000084500000| Untracked 
|  30|0x0000000084600000, 0x0000000084700000, 0x0000000084700000|100%| O|  |TAMS 0x0000000084600000, 0x0000000084600000| Untracked 
|  31|0x0000000084700000, 0x0000000084800000, 0x0000000084800000|100%| O|  |TAMS 0x0000000084700000, 0x0000000084700000| Untracked 
|  32|0x0000000084800000, 0x000000008489e200, 0x0000000084900000| 61%| O|  |TAMS 0x0000000084800000, 0x0000000084800000| Untracked 
|  33|0x0000000084900000, 0x0000000084900000, 0x0000000084a00000|  0%| F|  |TAMS 0x0000000084900000, 0x0000000084900000| Untracked 
|  34|0x0000000084a00000, 0x0000000084a00000, 0x0000000084b00000|  0%| F|  |TAMS 0x0000000084a00000, 0x0000000084a00000| Untracked 
|  35|0x0000000084b00000, 0x0000000084b00000, 0x0000000084c00000|  0%| F|  |TAMS 0x0000000084b00000, 0x0000000084b00000| Untracked 
|  36|0x0000000084c00000, 0x0000000084c00000, 0x0000000084d00000|  0%| F|  |TAMS 0x0000000084c00000, 0x0000000084c00000| Untracked 
|  37|0x0000000084d00000, 0x0000000084d00000, 0x0000000084e00000|  0%| F|  |TAMS 0x0000000084d00000, 0x0000000084d00000| Untracked 
|  38|0x0000000084e00000, 0x0000000084e00000, 0x0000000084f00000|  0%| F|  |TAMS 0x0000000084e00000, 0x0000000084e00000| Untracked 
|  39|0x0000000084f00000, 0x0000000084f00000, 0x0000000085000000|  0%| F|  |TAMS 0x0000000084f00000, 0x0000000084f00000| Untracked 
|  40|0x0000000085000000, 0x0000000085000000, 0x0000000085100000|  0%| F|  |TAMS 0x0000000085000000, 0x0000000085000000| Untracked 
|  41|0x0000000085100000, 0x0000000085100000, 0x0000000085200000|  0%| F|  |TAMS 0x0000000085100000, 0x0000000085100000| Untracked 
|  42|0x0000000085200000, 0x0000000085200000, 0x0000000085300000|  0%| F|  |TAMS 0x0000000085200000, 0x0000000085200000| Untracked 
|  43|0x0000000085300000, 0x0000000085300000, 0x0000000085400000|  0%| F|  |TAMS 0x0000000085300000, 0x0000000085300000| Untracked 
|  44|0x0000000085400000, 0x00000000854c7440, 0x0000000085500000| 77%| S|CS|TAMS 0x0000000085400000, 0x0000000085400000| Complete 
|  45|0x0000000085500000, 0x0000000085600000, 0x0000000085600000|100%| S|CS|TAMS 0x0000000085500000, 0x0000000085500000| Complete 
|  46|0x0000000085600000, 0x0000000085700000, 0x0000000085700000|100%| S|CS|TAMS 0x0000000085600000, 0x0000000085600000| Complete 
|  47|0x0000000085700000, 0x0000000085700000, 0x0000000085800000|  0%| F|  |TAMS 0x0000000085700000, 0x0000000085700000| Untracked 
|  48|0x0000000085800000, 0x0000000085800000, 0x0000000085900000|  0%| F|  |TAMS 0x0000000085800000, 0x0000000085800000| Untracked 
|  49|0x0000000085900000, 0x0000000085900000, 0x0000000085a00000|  0%| F|  |TAMS 0x0000000085900000, 0x0000000085900000| Untracked 
|  50|0x0000000085a00000, 0x0000000085a00000, 0x0000000085b00000|  0%| F|  |TAMS 0x0000000085a00000, 0x0000000085a00000| Untracked 
|  51|0x0000000085b00000, 0x0000000085b00000, 0x0000000085c00000|  0%| F|  |TAMS 0x0000000085b00000, 0x0000000085b00000| Untracked 
|  52|0x0000000085c00000, 0x0000000085c00000, 0x0000000085d00000|  0%| F|  |TAMS 0x0000000085c00000, 0x0000000085c00000| Untracked 
|  53|0x0000000085d00000, 0x0000000085d00000, 0x0000000085e00000|  0%| F|  |TAMS 0x0000000085d00000, 0x0000000085d00000| Untracked 
|  54|0x0000000085e00000, 0x0000000085e00000, 0x0000000085f00000|  0%| F|  |TAMS 0x0000000085e00000, 0x0000000085e00000| Untracked 
|  55|0x0000000085f00000, 0x0000000085f00000, 0x0000000086000000|  0%| F|  |TAMS 0x0000000085f00000, 0x0000000085f00000| Untracked 
|  56|0x0000000086000000, 0x0000000086000000, 0x0000000086100000|  0%| F|  |TAMS 0x0000000086000000, 0x0000000086000000| Untracked 
|  57|0x0000000086100000, 0x0000000086100000, 0x0000000086200000|  0%| F|  |TAMS 0x0000000086100000, 0x0000000086100000| Untracked 
|  58|0x0000000086200000, 0x0000000086200000, 0x0000000086300000|  0%| F|  |TAMS 0x0000000086200000, 0x0000000086200000| Untracked 
|  59|0x0000000086300000, 0x0000000086300000, 0x0000000086400000|  0%| F|  |TAMS 0x0000000086300000, 0x0000000086300000| Untracked 
|  60|0x0000000086400000, 0x0000000086400000, 0x0000000086500000|  0%| F|  |TAMS 0x0000000086400000, 0x0000000086400000| Untracked 
|  61|0x0000000086500000, 0x0000000086500000, 0x0000000086600000|  0%| F|  |TAMS 0x0000000086500000, 0x0000000086500000| Untracked 
|  62|0x0000000086600000, 0x0000000086600000, 0x0000000086700000|  0%| F|  |TAMS 0x0000000086600000, 0x0000000086600000| Untracked 
|  63|0x0000000086700000, 0x0000000086700000, 0x0000000086800000|  0%| F|  |TAMS 0x0000000086700000, 0x0000000086700000| Untracked 
|  64|0x0000000086800000, 0x0000000086800000, 0x0000000086900000|  0%| F|  |TAMS 0x0000000086800000, 0x0000000086800000| Untracked 
|  65|0x0000000086900000, 0x0000000086900000, 0x0000000086a00000|  0%| F|  |TAMS 0x0000000086900000, 0x0000000086900000| Untracked 
|  66|0x0000000086a00000, 0x0000000086a00000, 0x0000000086b00000|  0%| F|  |TAMS 0x0000000086a00000, 0x0000000086a00000| Untracked 
|  67|0x0000000086b00000, 0x0000000086b00000, 0x0000000086c00000|  0%| F|  |TAMS 0x0000000086b00000, 0x0000000086b00000| Untracked 
|  68|0x0000000086c00000, 0x0000000086c00000, 0x0000000086d00000|  0%| F|  |TAMS 0x0000000086c00000, 0x0000000086c00000| Untracked 
|  69|0x0000000086d00000, 0x0000000086d00000, 0x0000000086e00000|  0%| F|  |TAMS 0x0000000086d00000, 0x0000000086d00000| Untracked 
|  70|0x0000000086e00000, 0x0000000086e00000, 0x0000000086f00000|  0%| F|  |TAMS 0x0000000086e00000, 0x0000000086e00000| Untracked 
|  71|0x0000000086f00000, 0x0000000086f00000, 0x0000000087000000|  0%| F|  |TAMS 0x0000000086f00000, 0x0000000086f00000| Untracked 
|  72|0x0000000087000000, 0x0000000087000000, 0x0000000087100000|  0%| F|  |TAMS 0x0000000087000000, 0x0000000087000000| Untracked 
|  73|0x0000000087100000, 0x0000000087100000, 0x0000000087200000|  0%| F|  |TAMS 0x0000000087100000, 0x0000000087100000| Untracked 
|  74|0x0000000087200000, 0x0000000087200000, 0x0000000087300000|  0%| F|  |TAMS 0x0000000087200000, 0x0000000087200000| Untracked 
|  75|0x0000000087300000, 0x0000000087300000, 0x0000000087400000|  0%| F|  |TAMS 0x0000000087300000, 0x0000000087300000| Untracked 
|  76|0x0000000087400000, 0x0000000087400000, 0x0000000087500000|  0%| F|  |TAMS 0x0000000087400000, 0x0000000087400000| Untracked 
|  77|0x0000000087500000, 0x0000000087500000, 0x0000000087600000|  0%| F|  |TAMS 0x0000000087500000, 0x0000000087500000| Untracked 
|  78|0x0000000087600000, 0x0000000087600000, 0x0000000087700000|  0%| F|  |TAMS 0x0000000087600000, 0x0000000087600000| Untracked 
|  79|0x0000000087700000, 0x0000000087700000, 0x0000000087800000|  0%| F|  |TAMS 0x0000000087700000, 0x0000000087700000| Untracked 
|  80|0x0000000087800000, 0x0000000087800000, 0x0000000087900000|  0%| F|  |TAMS 0x0000000087800000, 0x0000000087800000| Untracked 
|  81|0x0000000087900000, 0x0000000087900000, 0x0000000087a00000|  0%| F|  |TAMS 0x0000000087900000, 0x0000000087900000| Untracked 
|  82|0x0000000087a00000, 0x0000000087a00000, 0x0000000087b00000|  0%| F|  |TAMS 0x0000000087a00000, 0x0000000087a00000| Untracked 
|  83|0x0000000087b00000, 0x0000000087b00000, 0x0000000087c00000|  0%| F|  |TAMS 0x0000000087b00000, 0x0000000087b00000| Untracked 
|  84|0x0000000087c00000, 0x0000000087c00000, 0x0000000087d00000|  0%| F|  |TAMS 0x0000000087c00000, 0x0000000087c00000| Untracked 
|  85|0x0000000087d00000, 0x0000000087d00000, 0x0000000087e00000|  0%| F|  |TAMS 0x0000000087d00000, 0x0000000087d00000| Untracked 
|  86|0x0000000087e00000, 0x0000000087e00000, 0x0000000087f00000|  0%| F|  |TAMS 0x0000000087e00000, 0x0000000087e00000| Untracked 
|  87|0x0000000087f00000, 0x0000000087f00000, 0x0000000088000000|  0%| F|  |TAMS 0x0000000087f00000, 0x0000000087f00000| Untracked 
|  88|0x0000000088000000, 0x0000000088000000, 0x0000000088100000|  0%| F|  |TAMS 0x0000000088000000, 0x0000000088000000| Untracked 
|  89|0x0000000088100000, 0x0000000088100000, 0x0000000088200000|  0%| F|  |TAMS 0x0000000088100000, 0x0000000088100000| Untracked 
|  90|0x0000000088200000, 0x0000000088200000, 0x0000000088300000|  0%| F|  |TAMS 0x0000000088200000, 0x0000000088200000| Untracked 
|  91|0x0000000088300000, 0x0000000088300000, 0x0000000088400000|  0%| F|  |TAMS 0x0000000088300000, 0x0000000088300000| Untracked 
|  92|0x0000000088400000, 0x0000000088500000, 0x0000000088500000|100%| E|  |TAMS 0x0000000088400000, 0x0000000088400000| Complete 
|  93|0x0000000088500000, 0x0000000088600000, 0x0000000088600000|100%| E|CS|TAMS 0x0000000088500000, 0x0000000088500000| Complete 
|  94|0x0000000088600000, 0x0000000088700000, 0x0000000088700000|100%| E|CS|TAMS 0x0000000088600000, 0x0000000088600000| Complete 
|  95|0x0000000088700000, 0x0000000088800000, 0x0000000088800000|100%| E|CS|TAMS 0x0000000088700000, 0x0000000088700000| Complete 
|  96|0x0000000088800000, 0x0000000088900000, 0x0000000088900000|100%| E|CS|TAMS 0x0000000088800000, 0x0000000088800000| Complete 
|  97|0x0000000088900000, 0x0000000088a00000, 0x0000000088a00000|100%| E|CS|TAMS 0x0000000088900000, 0x0000000088900000| Complete 
|  98|0x0000000088a00000, 0x0000000088b00000, 0x0000000088b00000|100%| E|CS|TAMS 0x0000000088a00000, 0x0000000088a00000| Complete 
|  99|0x0000000088b00000, 0x0000000088c00000, 0x0000000088c00000|100%| E|CS|TAMS 0x0000000088b00000, 0x0000000088b00000| Complete 
| 100|0x0000000088c00000, 0x0000000088d00000, 0x0000000088d00000|100%| E|CS|TAMS 0x0000000088c00000, 0x0000000088c00000| Complete 
| 101|0x0000000088d00000, 0x0000000088e00000, 0x0000000088e00000|100%| E|CS|TAMS 0x0000000088d00000, 0x0000000088d00000| Complete 
| 102|0x0000000088e00000, 0x0000000088f00000, 0x0000000088f00000|100%| E|CS|TAMS 0x0000000088e00000, 0x0000000088e00000| Complete 
| 103|0x0000000088f00000, 0x0000000089000000, 0x0000000089000000|100%| E|CS|TAMS 0x0000000088f00000, 0x0000000088f00000| Complete 
| 104|0x0000000089000000, 0x0000000089100000, 0x0000000089100000|100%| E|CS|TAMS 0x0000000089000000, 0x0000000089000000| Complete 
| 105|0x0000000089100000, 0x0000000089200000, 0x0000000089200000|100%| E|CS|TAMS 0x0000000089100000, 0x0000000089100000| Complete 
| 106|0x0000000089200000, 0x0000000089300000, 0x0000000089300000|100%| E|CS|TAMS 0x0000000089200000, 0x0000000089200000| Complete 
| 107|0x0000000089300000, 0x0000000089400000, 0x0000000089400000|100%| E|CS|TAMS 0x0000000089300000, 0x0000000089300000| Complete 
| 108|0x0000000089400000, 0x0000000089500000, 0x0000000089500000|100%| E|CS|TAMS 0x0000000089400000, 0x0000000089400000| Complete 
| 109|0x0000000089500000, 0x0000000089600000, 0x0000000089600000|100%| E|CS|TAMS 0x0000000089500000, 0x0000000089500000| Complete 
| 130|0x000000008aa00000, 0x000000008ab00000, 0x000000008ab00000|100%| E|CS|TAMS 0x000000008aa00000, 0x000000008aa00000| Complete 
| 131|0x000000008ab00000, 0x000000008ac00000, 0x000000008ac00000|100%| E|CS|TAMS 0x000000008ab00000, 0x000000008ab00000| Complete 
| 132|0x000000008ac00000, 0x000000008ad00000, 0x000000008ad00000|100%| E|CS|TAMS 0x000000008ac00000, 0x000000008ac00000| Complete 
| 133|0x000000008ad00000, 0x000000008ae00000, 0x000000008ae00000|100%| E|CS|TAMS 0x000000008ad00000, 0x000000008ad00000| Complete 
| 134|0x000000008ae00000, 0x000000008af00000, 0x000000008af00000|100%| E|CS|TAMS 0x000000008ae00000, 0x000000008ae00000| Complete 
| 135|0x000000008af00000, 0x000000008b000000, 0x000000008b000000|100%| E|CS|TAMS 0x000000008af00000, 0x000000008af00000| Complete 
| 139|0x000000008b300000, 0x000000008b400000, 0x000000008b400000|100%| E|CS|TAMS 0x000000008b300000, 0x000000008b300000| Complete 

Card table byte_map: [0x0000013ccd210000,0x0000013ccd600000] _byte_map_base: 0x0000013cccdfc000

Marking Bits (Prev, Next): (CMBitMap*) 0x0000013cbd25bed0, (CMBitMap*) 0x0000013cbd25be90
 Prev Bits: [0x0000013ccf950000, 0x0000013cd18b0000)
 Next Bits: [0x0000013ccd9f0000, 0x0000013ccf950000)

Polling page: 0x0000013cb3880000

Metaspace:

Usage:
  Non-class:     65.49 MB used.
      Class:      9.69 MB used.
       Both:     75.17 MB used.

Virtual space:
  Non-class space:       72.00 MB reserved,      65.81 MB ( 91%) committed,  9 nodes.
      Class space:        1.00 GB reserved,       9.94 MB ( <1%) committed,  1 nodes.
             Both:        1.07 GB reserved,      75.75 MB (  7%) committed. 

Chunk freelists:
   Non-Class:  2.05 MB
       Class:  1.89 MB
        Both:  3.94 MB

MaxMetaspaceSize: unlimited
CompressedClassSpaceSize: 1.00 GB
Initial GC threshold: 21.00 MB
Current GC threshold: 98.25 MB
CDS: on
MetaspaceReclaimPolicy: balanced
 - commit_granule_bytes: 65536.
 - commit_granule_words: 8192.
 - virtual_space_node_default_size: 1048576.
 - enlarge_chunks_in_place: 1.
 - new_chunks_are_fully_committed: 0.
 - uncommit_free_chunks: 1.
 - use_allocation_guard: 0.
 - handle_deallocations: 1.


Internal statistics:

num_allocs_failed_limit: 11.
num_arena_births: 864.
num_arena_deaths: 0.
num_vsnodes_births: 10.
num_vsnodes_deaths: 0.
num_space_committed: 1212.
num_space_uncommitted: 0.
num_chunks_returned_to_freelist: 11.
num_chunks_taken_from_freelist: 3369.
num_chunk_merges: 6.
num_chunk_splits: 2450.
num_chunks_enlarged: 1921.
num_purges: 0.
num_inconsistent_stats: 0.

CodeHeap 'non-profiled nmethods': size=120000Kb used=5182Kb max_used=6145Kb free=114817Kb
 bounds [0x0000013cc4e80000, 0x0000013cc54a0000, 0x0000013ccc3b0000]
CodeHeap 'profiled nmethods': size=120000Kb used=13303Kb max_used=14774Kb free=106696Kb
 bounds [0x0000013cbd950000, 0x0000013cbe7c0000, 0x0000013cc4e80000]
CodeHeap 'non-nmethods': size=5760Kb used=1553Kb max_used=1553Kb free=4206Kb
 bounds [0x0000013cbd3b0000, 0x0000013cbd620000, 0x0000013cbd950000]
 total_blobs=6353 nmethods=5616 adapters=647
 compilation: enabled
              stopped_count=0, restarted_count=0
 full_count=0

Compilation events (20 events):
Event: 14.937 Thread 0x0000013cd42be580 6711   !   3       java.util.concurrent.ConcurrentHashMap::computeIfAbsent (576 bytes)
Event: 14.939 Thread 0x0000013cd42be580 nmethod 6711 0x0000013cbe438c10 code [0x0000013cbe439040, 0x0000013cbe43b7b8]
Event: 14.940 Thread 0x0000013cd42be580 6714       3       java.util.Collections$2::characteristics (33 bytes)
Event: 14.940 Thread 0x0000013cd42be580 nmethod 6714 0x0000013cbdd8d310 code [0x0000013cbdd8d4a0, 0x0000013cbdd8d618]
Event: 14.940 Thread 0x0000013cd42be580 6712       1       java.util.Collections$2::estimateSize (5 bytes)
Event: 14.940 Thread 0x0000013cd42be580 nmethod 6712 0x0000013cc4f33990 code [0x0000013cc4f33b20, 0x0000013cc4f33bf8]
Event: 14.940 Thread 0x0000013cd42be580 6713       3       java.util.concurrent.ConcurrentHashMap$ReservationNode::<init> (9 bytes)
Event: 14.940 Thread 0x0000013cd42be580 nmethod 6713 0x0000013cbdbcf690 code [0x0000013cbdbcf840, 0x0000013cbdbcfab8]
Event: 14.940 Thread 0x0000013cd42be580 6715       3       java.util.stream.Streams$ConcatSpliterator::forEachRemaining (28 bytes)
Event: 14.940 Thread 0x0000013cd42be580 nmethod 6715 0x0000013cbdbbb990 code [0x0000013cbdbbbb40, 0x0000013cbdbbbe38]
Event: 14.954 Thread 0x0000013cd42be580 6716       3       java.util.stream.MatchOps$MatchOp::evaluateSequential (7 bytes)
Event: 14.954 Thread 0x0000013cd42be580 nmethod 6716 0x0000013cbde5f290 code [0x0000013cbde5f480, 0x0000013cbde5fb18]
Event: 14.954 Thread 0x0000013cd42be580 6717       3       java.util.stream.MatchOps$MatchOp::evaluateSequential (27 bytes)
Event: 14.955 Thread 0x0000013cd42be580 nmethod 6717 0x0000013cbd951510 code [0x0000013cbd951700, 0x0000013cbd951d38]
Event: 14.955 Thread 0x0000013cd42be580 6718       3       java.util.stream.MatchOps$BooleanTerminalSink::<init> (21 bytes)
Event: 14.955 Thread 0x0000013cd42be580 nmethod 6718 0x0000013cbda66410 code [0x0000013cbda665a0, 0x0000013cbda66778]
Event: 15.012 Thread 0x0000013cd42be580 6719       1       org.springframework.util.ConcurrentLruCache$Node::getPrevious (5 bytes)
Event: 15.012 Thread 0x0000013cd42be580 nmethod 6719 0x0000013cc4f33690 code [0x0000013cc4f33820, 0x0000013cc4f338f8]
Event: 15.023 Thread 0x0000013cd42be580 6720       3       java.util.Collections::unmodifiableList (47 bytes)
Event: 15.024 Thread 0x0000013cd42be580 nmethod 6720 0x0000013cbd9bfb10 code [0x0000013cbd9bfd60, 0x0000013cbd9c07f8]

GC Heap History (20 events):
Event: 3.245 GC heap before
{Heap before GC invocations=9 (full 0):
 garbage-first heap   total 96256K, used 69741K [0x0000000082800000, 0x0000000100000000)
  region size 1024K, 56 young (57344K), 1 survivors (1024K)
 Metaspace       used 23360K, committed 23680K, reserved 1073152K
  class space    used 2779K, committed 2944K, reserved 1048576K
}
Event: 3.245 GC heap after
{Heap after GC invocations=10 (full 0):
 garbage-first heap   total 96256K, used 14481K [0x0000000082800000, 0x0000000100000000)
  region size 1024K, 1 young (1024K), 1 survivors (1024K)
 Metaspace       used 23360K, committed 23680K, reserved 1073152K
  class space    used 2779K, committed 2944K, reserved 1048576K
}
Event: 4.133 GC heap before
{Heap before GC invocations=10 (full 0):
 garbage-first heap   total 96256K, used 69777K [0x0000000082800000, 0x0000000100000000)
  region size 1024K, 56 young (57344K), 1 survivors (1024K)
 Metaspace       used 26599K, committed 26944K, reserved 1073152K
  class space    used 3172K, committed 3328K, reserved 1048576K
}
Event: 4.136 GC heap after
{Heap after GC invocations=11 (full 0):
 garbage-first heap   total 96256K, used 17228K [0x0000000082800000, 0x0000000100000000)
  region size 1024K, 3 young (3072K), 3 survivors (3072K)
 Metaspace       used 26599K, committed 26944K, reserved 1073152K
  class space    used 3172K, committed 3328K, reserved 1048576K
}
Event: 5.515 GC heap before
{Heap before GC invocations=11 (full 0):
 garbage-first heap   total 96256K, used 71500K [0x0000000082800000, 0x0000000100000000)
  region size 1024K, 56 young (57344K), 3 survivors (3072K)
 Metaspace       used 34013K, committed 34496K, reserved 1081344K
  class space    used 4109K, committed 4352K, reserved 1048576K
}
Event: 5.520 GC heap after
{Heap after GC invocations=12 (full 0):
 garbage-first heap   total 96256K, used 20573K [0x0000000082800000, 0x0000000100000000)
  region size 1024K, 7 young (7168K), 7 survivors (7168K)
 Metaspace       used 34013K, committed 34496K, reserved 1081344K
  class space    used 4109K, committed 4352K, reserved 1048576K
}
Event: 5.743 GC heap before
{Heap before GC invocations=12 (full 0):
 garbage-first heap   total 96256K, used 28765K [0x0000000082800000, 0x0000000100000000)
  region size 1024K, 16 young (16384K), 7 survivors (7168K)
 Metaspace       used 35538K, committed 35968K, reserved 1081344K
  class space    used 4311K, committed 4544K, reserved 1048576K
}
Event: 5.750 GC heap after
{Heap after GC invocations=13 (full 0):
 garbage-first heap   total 96256K, used 21385K [0x0000000082800000, 0x0000000100000000)
  region size 1024K, 5 young (5120K), 5 survivors (5120K)
 Metaspace       used 35538K, committed 35968K, reserved 1081344K
  class space    used 4311K, committed 4544K, reserved 1048576K
}
Event: 6.216 GC heap before
{Heap before GC invocations=14 (full 0):
 garbage-first heap   total 81920K, used 64393K [0x0000000082800000, 0x0000000100000000)
  region size 1024K, 48 young (49152K), 5 survivors (5120K)
 Metaspace       used 38008K, committed 38400K, reserved 1089536K
  class space    used 4627K, committed 4800K, reserved 1048576K
}
Event: 6.221 GC heap after
{Heap after GC invocations=15 (full 0):
 garbage-first heap   total 81920K, used 22697K [0x0000000082800000, 0x0000000100000000)
  region size 1024K, 3 young (3072K), 3 survivors (3072K)
 Metaspace       used 38008K, committed 38400K, reserved 1089536K
  class space    used 4627K, committed 4800K, reserved 1048576K
}
Event: 6.227 GC heap before
{Heap before GC invocations=15 (full 0):
 garbage-first heap   total 81920K, used 63657K [0x0000000082800000, 0x0000000100000000)
  region size 1024K, 44 young (45056K), 3 survivors (3072K)
 Metaspace       used 38008K, committed 38400K, reserved 1089536K
  class space    used 4627K, committed 4800K, reserved 1048576K
}
Event: 6.230 GC heap after
{Heap after GC invocations=16 (full 0):
 garbage-first heap   total 143360K, used 22722K [0x0000000082800000, 0x0000000100000000)
  region size 1024K, 3 young (3072K), 3 survivors (3072K)
 Metaspace       used 38008K, committed 38400K, reserved 1089536K
  class space    used 4627K, committed 4800K, reserved 1048576K
}
Event: 7.325 GC heap before
{Heap before GC invocations=16 (full 0):
 garbage-first heap   total 143360K, used 104642K [0x0000000082800000, 0x0000000100000000)
  region size 1024K, 84 young (86016K), 3 survivors (3072K)
 Metaspace       used 41665K, committed 42112K, reserved 1089536K
  class space    used 5043K, committed 5248K, reserved 1048576K
}
Event: 7.329 GC heap after
{Heap after GC invocations=17 (full 0):
 garbage-first heap   total 143360K, used 27010K [0x0000000082800000, 0x0000000100000000)
  region size 1024K, 7 young (7168K), 7 survivors (7168K)
 Metaspace       used 41665K, committed 42112K, reserved 1089536K
  class space    used 5043K, committed 5248K, reserved 1048576K
}
Event: 11.667 GC heap before
{Heap before GC invocations=17 (full 0):
 garbage-first heap   total 143360K, used 105858K [0x0000000082800000, 0x0000000100000000)
  region size 1024K, 84 young (86016K), 7 survivors (7168K)
 Metaspace       used 59191K, committed 59648K, reserved 1105920K
  class space    used 7380K, committed 7616K, reserved 1048576K
}
Event: 11.675 GC heap after
{Heap after GC invocations=18 (full 0):
 garbage-first heap   total 143360K, used 31892K [0x0000000082800000, 0x0000000100000000)
  region size 1024K, 11 young (11264K), 11 survivors (11264K)
 Metaspace       used 59191K, committed 59648K, reserved 1105920K
  class space    used 7380K, committed 7616K, reserved 1048576K
}
Event: 11.785 GC heap before
{Heap before GC invocations=18 (full 0):
 garbage-first heap   total 143360K, used 34964K [0x0000000082800000, 0x0000000100000000)
  region size 1024K, 15 young (15360K), 11 survivors (11264K)
 Metaspace       used 59583K, committed 60096K, reserved 1105920K
  class space    used 7428K, committed 7680K, reserved 1048576K
}
Event: 11.792 GC heap after
{Heap after GC invocations=19 (full 0):
 garbage-first heap   total 143360K, used 32085K [0x0000000082800000, 0x0000000100000000)
  region size 1024K, 6 young (6144K), 6 survivors (6144K)
 Metaspace       used 59583K, committed 60096K, reserved 1105920K
  class space    used 7428K, committed 7680K, reserved 1048576K
}
Event: 13.954 GC heap before
{Heap before GC invocations=20 (full 0):
 garbage-first heap   total 119808K, used 96597K [0x0000000082800000, 0x0000000100000000)
  region size 1024K, 70 young (71680K), 6 survivors (6144K)
 Metaspace       used 72752K, committed 73344K, reserved 1114112K
  class space    used 9395K, committed 9664K, reserved 1048576K
}
Event: 13.959 GC heap after
{Heap after GC invocations=21 (full 0):
 garbage-first heap   total 119808K, used 34345K [0x0000000082800000, 0x0000000100000000)
  region size 1024K, 3 young (3072K), 3 survivors (3072K)
 Metaspace       used 72752K, committed 73344K, reserved 1114112K
  class space    used 9395K, committed 9664K, reserved 1048576K
}

Deoptimization events (20 events):
Event: 15.100 Thread 0x0000013cd56c62c0 DEOPT PACKING pc=0x0000013cbe6739d4 sp=0x0000003454bfa0d0
Event: 15.100 Thread 0x0000013cd56c62c0 DEOPT UNPACKING pc=0x0000013cbd402b43 sp=0x0000003454bf9610 mode 1
Event: 15.101 Thread 0x0000013cd56c62c0 DEOPT PACKING pc=0x0000013cc5148448 sp=0x0000003454bf96d0
Event: 15.101 Thread 0x0000013cd56c62c0 DEOPT UNPACKING pc=0x0000013cbd402b43 sp=0x0000003454bf8b68 mode 1
Event: 15.101 Thread 0x0000013cd56c62c0 DEOPT PACKING pc=0x0000013cc507cc58 sp=0x0000003454bfa090
Event: 15.101 Thread 0x0000013cd56c62c0 DEOPT UNPACKING pc=0x0000013cbd402b43 sp=0x0000003454bf9508 mode 1
Event: 15.101 Thread 0x0000013cd56c62c0 DEOPT PACKING pc=0x0000013cbe6739d4 sp=0x0000003454bfa0d0
Event: 15.101 Thread 0x0000013cd56c62c0 DEOPT UNPACKING pc=0x0000013cbd402b43 sp=0x0000003454bf9610 mode 1
Event: 15.101 Thread 0x0000013cd56c62c0 DEOPT PACKING pc=0x0000013cc5148448 sp=0x0000003454bf9860
Event: 15.101 Thread 0x0000013cd56c62c0 DEOPT UNPACKING pc=0x0000013cbd402b43 sp=0x0000003454bf8cf8 mode 1
Event: 15.101 Thread 0x0000013cd56c62c0 DEOPT PACKING pc=0x0000013cc507cc58 sp=0x0000003454bfa220
Event: 15.101 Thread 0x0000013cd56c62c0 DEOPT UNPACKING pc=0x0000013cbd402b43 sp=0x0000003454bf9698 mode 1
Event: 15.101 Thread 0x0000013cd56c62c0 DEOPT PACKING pc=0x0000013cbe6739d4 sp=0x0000003454bfa260
Event: 15.101 Thread 0x0000013cd56c62c0 DEOPT UNPACKING pc=0x0000013cbd402b43 sp=0x0000003454bf97a0 mode 1
Event: 15.101 Thread 0x0000013cd56c62c0 DEOPT PACKING pc=0x0000013cc5148448 sp=0x0000003454bf9860
Event: 15.101 Thread 0x0000013cd56c62c0 DEOPT UNPACKING pc=0x0000013cbd402b43 sp=0x0000003454bf8cf8 mode 1
Event: 15.101 Thread 0x0000013cd56c62c0 DEOPT PACKING pc=0x0000013cc507cc58 sp=0x0000003454bfa220
Event: 15.101 Thread 0x0000013cd56c62c0 DEOPT UNPACKING pc=0x0000013cbd402b43 sp=0x0000003454bf9698 mode 1
Event: 15.101 Thread 0x0000013cd56c62c0 DEOPT PACKING pc=0x0000013cbe6739d4 sp=0x0000003454bfa260
Event: 15.101 Thread 0x0000013cd56c62c0 DEOPT UNPACKING pc=0x0000013cbd402b43 sp=0x0000003454bf97a0 mode 1

Classes unloaded (0 events):
No events

Classes redefined (1 events):
Event: 0.487 Thread 0x0000013cbd39d730 redefined class name=java.lang.Throwable, count=1

Internal exceptions (20 events):
Event: 13.616 Thread 0x0000013cd56c62c0 Exception <a 'java/lang/IncompatibleClassChangeError'{0x000000008614a248}: Found class java.lang.Object, but interface was expected> (0x000000008614a248) 
thrown [t:\workspace\open\src\hotspot\share\interpreter\linkResolver.cpp, line 833]
Event: 13.660 Thread 0x0000013cd56c62c0 Exception <a 'java/lang/NoSuchMethodError'{0x0000000085f5e9c8}: 'int java.lang.invoke.DirectMethodHandle$Holder.invokeStatic(java.lang.Object, int, java.lang.Object)'> (0x0000000085f5e9c8) 
thrown [t:\workspace\open\src\hotspot\share\interpreter\linkResolver.cpp, line 766]
Event: 13.665 Thread 0x0000013cd56c62c0 Exception <a 'java/lang/NoSuchMethodError'{0x0000000085f7ed50}: 'java.lang.Object java.lang.invoke.DirectMethodHandle$Holder.newInvokeSpecial(java.lang.Object, java.lang.Object, java.lang.Object, java.lang.Object, java.lang.Object, int, java.lang.Object)'> (0x0000000085f7ed50) 
thrown [t:\workspace\open\src\hotspot\share\interpreter\linkResolver.cpp, line 766]
Event: 13.677 Thread 0x0000013cd56c62c0 Exception <a 'java/lang/NoSuchMethodError'{0x0000000085fbd6a8}: 'java.lang.Object java.lang.invoke.DirectMethodHandle$Holder.newInvokeSpecial(java.lang.Object, java.lang.Object, java.lang.Object, java.lang.Object, java.lang.Object, java.lang.Object, java.lang.Object, java.lang.Object, java.lang.Object, java.lang.Object, java.lang.Object, java.lang.Object)'> (0x0000000085fbd6a8) 
thrown [t:\workspace\open\src\hotspot\share\interpreter\linkResolver.cpp, line 766]
Event: 13.677 Thread 0x0000013cd56c62c0 Exception <a 'java/lang/NoSuchMethodError'{0x0000000085fc2160}: 'java.lang.Object java.lang.invoke.DirectMethodHandle$Holder.invokeSpecial(java.lang.Object, java.lang.Object, java.lang.Object, java.lang.Object, java.lang.Object, java.lang.Object, java.lang.Object, java.lang.Object, java.lang.Object, java.lang.Object, java.lang.Object, java.lang.Object, java.lang.Object)'> (0x0000000085fc2160) 
thrown [t:\workspace\open\src\hotspot\share\interpreter\linkResolver.cpp, line 766]
Event: 13.678 Thread 0x0000013cd56c62c0 Exception <a 'java/lang/NoSuchMethodError'{0x0000000085fc6898}: 'java.lang.Object java.lang.invoke.Invokers$Holder.linkToTargetMethod(java.lang.Object, java.lang.Object, java.lang.Object, java.lang.Object, java.lang.Object, java.lang.Object, java.lang.Object, java.lang.Object, java.lang.Object, java.lang.Object, java.lang.Object, java.lang.Object)'> (0x0000000085fc6898) 
thrown [t:\workspace\open\src\hotspot\share\interpreter\linkResolver.cpp, line 766]
Event: 13.733 Thread 0x0000013cd56c62c0 Exception <a 'java/lang/IncompatibleClassChangeError'{0x0000000085da6e30}: Found class java.lang.Object, but interface was expected> (0x0000000085da6e30) 
thrown [t:\workspace\open\src\hotspot\share\interpreter\linkResolver.cpp, line 833]
Event: 13.781 Thread 0x0000013cd56c62c0 Exception <a 'java/lang/NoSuchMethodError'{0x0000000085cc7a48}: 'java.lang.Object java.lang.invoke.DirectMethodHandle$Holder.newInvokeSpecial(java.lang.Object, java.lang.Object, java.lang.Object, java.lang.Object, java.lang.Object, java.lang.Object, java.lang.Object, int)'> (0x0000000085cc7a48) 
thrown [t:\workspace\open\src\hotspot\share\interpreter\linkResolver.cpp, line 766]
Event: 13.782 Thread 0x0000013cd56c62c0 Exception <a 'java/lang/NoSuchMethodError'{0x0000000085ccca60}: 'java.lang.Object java.lang.invoke.DirectMethodHandle$Holder.invokeSpecial(java.lang.Object, java.lang.Object, java.lang.Object, java.lang.Object, java.lang.Object, java.lang.Object, java.lang.Object, java.lang.Object, int)'> (0x0000000085ccca60) 
thrown [t:\workspace\open\src\hotspot\share\interpreter\linkResolver.cpp, line 766]
Event: 13.782 Thread 0x0000013cd56c62c0 Exception <a 'java/lang/NoSuchMethodError'{0x0000000085cd1548}: 'java.lang.Object java.lang.invoke.Invokers$Holder.linkToTargetMethod(java.lang.Object, java.lang.Object, java.lang.Object, java.lang.Object, java.lang.Object, java.lang.Object, int, java.lang.Object)'> (0x0000000085cd1548) 
thrown [t:\workspace\open\src\hotspot\share\interpreter\linkResolver.cpp, line 766]
Event: 13.828 Thread 0x0000013cd56c62c0 Exception <a 'java/lang/NoSuchMethodError'{0x0000000085a0cfe0}: 'java.lang.Object java.lang.invoke.DirectMethodHandle$Holder.newInvokeSpecial(java.lang.Object, java.lang.Object, int, java.lang.Object, int, java.lang.Object, java.lang.Object)'> (0x0000000085a0cfe0) 
thrown [t:\workspace\open\src\hotspot\share\interpreter\linkResolver.cpp, line 766]
Event: 14.182 Thread 0x0000013cd56c62c0 Exception <a 'java/lang/NoSuchMethodError'{0x000000008afff260}: 'java.lang.Object java.lang.invoke.DirectMethodHandle$Holder.invokeSpecial(java.lang.Object, java.lang.Object, int, java.lang.Object, int)'> (0x000000008afff260) 
thrown [t:\workspace\open\src\hotspot\share\interpreter\linkResolver.cpp, line 766]
Event: 14.383 Thread 0x0000013cd56c62c0 Exception <a 'java/lang/NoSuchMethodError'{0x0000000089521200}: 'int java.lang.invoke.DirectMethodHandle$Holder.invokeStatic(java.lang.Object, java.lang.Object, int)'> (0x0000000089521200) 
thrown [t:\workspace\open\src\hotspot\share\interpreter\linkResolver.cpp, line 766]
Event: 14.419 Thread 0x0000013cd56c62c0 Exception <a 'java/lang/NoSuchMethodError'{0x00000000895ae568}: 'int java.lang.invoke.DirectMethodHandle$Holder.invokeStaticInit(java.lang.Object)'> (0x00000000895ae568) 
thrown [t:\workspace\open\src\hotspot\share\interpreter\linkResolver.cpp, line 766]
Event: 14.451 Thread 0x0000013cd56c62c0 Exception <a 'java/lang/NoSuchMethodError'{0x000000008945e588}: 'void java.lang.invoke.DirectMethodHandle$Holder.invokeStaticInit(java.lang.Object, java.lang.Object, java.lang.Object, java.lang.Object)'> (0x000000008945e588) 
thrown [t:\workspace\open\src\hotspot\share\interpreter\linkResolver.cpp, line 766]
Event: 14.453 Thread 0x0000013cd56c62c0 Implicit null exception at 0x0000013cc518b402 to 0x0000013cc518b4c0
Event: 14.567 Thread 0x0000013cd56c62c0 Exception <a 'java/lang/IncompatibleClassChangeError'{0x0000000088f0ffd8}: Found class java.lang.Object, but interface was expected> (0x0000000088f0ffd8) 
thrown [t:\workspace\open\src\hotspot\share\interpreter\linkResolver.cpp, line 833]
Event: 14.653 Thread 0x0000013cd56c62c0 Exception <a 'java/lang/IncompatibleClassChangeError'{0x0000000088efe328}: Found class java.lang.Object, but interface was expected> (0x0000000088efe328) 
thrown [t:\workspace\open\src\hotspot\share\interpreter\linkResolver.cpp, line 833]
Event: 14.766 Thread 0x0000013cd56c62c0 Implicit null exception at 0x0000013cc52bee73 to 0x0000013cc52c04a4
Event: 14.929 Thread 0x0000013cd56c62c0 Exception <a 'java/lang/IncompatibleClassChangeError'{0x00000000889b85f8}: Found class java.lang.Object, but interface was expected> (0x00000000889b85f8) 
thrown [t:\workspace\open\src\hotspot\share\interpreter\linkResolver.cpp, line 833]

VM Operations (20 events):
Event: 14.314 Executing VM operation: ChangeBreakpoints
Event: 14.316 Executing VM operation: ChangeBreakpoints done
Event: 14.318 Executing VM operation: ChangeBreakpoints
Event: 14.320 Executing VM operation: ChangeBreakpoints done
Event: 14.330 Executing VM operation: ChangeBreakpoints
Event: 14.331 Executing VM operation: ChangeBreakpoints done
Event: 14.402 Executing VM operation: HandshakeAllThreads
Event: 14.402 Executing VM operation: HandshakeAllThreads done
Event: 14.495 Executing VM operation: HandshakeAllThreads
Event: 14.495 Executing VM operation: HandshakeAllThreads done
Event: 14.501 Executing VM operation: HandshakeAllThreads
Event: 14.501 Executing VM operation: HandshakeAllThreads done
Event: 14.519 Executing VM operation: HandshakeAllThreads
Event: 14.519 Executing VM operation: HandshakeAllThreads done
Event: 14.612 Executing VM operation: HandshakeAllThreads
Event: 14.612 Executing VM operation: HandshakeAllThreads done
Event: 14.957 Executing VM operation: HandshakeAllThreads
Event: 14.957 Executing VM operation: HandshakeAllThreads done
Event: 14.958 Executing VM operation: HandshakeAllThreads
Event: 14.958 Executing VM operation: HandshakeAllThreads done

Events (20 events):
Event: 15.093 loading class org/hibernate/query/UnknownNamedQueryException
Event: 15.093 loading class org/hibernate/query/UnknownNamedQueryException done
Event: 15.096 loading class org/hibernate/engine/spi/PersistenceContext
Event: 15.096 loading class org/hibernate/engine/spi/PersistenceContext done
Event: 15.097 loading class org/hibernate/query/UnknownSqlResultSetMappingException
Event: 15.097 loading class org/hibernate/query/UnknownSqlResultSetMappingException done
Event: 15.098 loading class org/hibernate/resource/transaction/spi/TransactionObserver
Event: 15.098 loading class org/hibernate/resource/transaction/spi/TransactionObserver done
Event: 15.098 loading class org/hibernate/engine/transaction/spi/TransactionObserver
Event: 15.098 loading class org/hibernate/engine/transaction/spi/TransactionObserver done
Event: 15.100 loading class org/hibernate/internal/EntityManagerMessageLogger_$logger_es_ES
Event: 15.100 loading class org/hibernate/internal/EntityManagerMessageLogger_$logger_es_ES done
Event: 15.100 loading class org/hibernate/internal/EntityManagerMessageLogger_$logger_es
Event: 15.100 loading class org/hibernate/internal/EntityManagerMessageLogger_$logger_es done
Event: 15.101 loading class org/hibernate/internal/EntityManagerMessageLogger_$logger_es_ES
Event: 15.101 loading class org/hibernate/internal/EntityManagerMessageLogger_$logger_es_ES done
Event: 15.101 loading class org/hibernate/internal/EntityManagerMessageLogger_$logger_es
Event: 15.101 loading class org/hibernate/internal/EntityManagerMessageLogger_$logger_es done
Event: 15.101 loading class org/hibernate/cache/internal/NoCachingTransactionSynchronizationImpl
Event: 15.101 loading class org/hibernate/cache/internal/NoCachingTransactionSynchronizationImpl done


Dynamic libraries:
0x00007ff690b90000 - 0x00007ff690ba0000 	C:\Program Files\Java\jdk-17.0.1\bin\java.exe
0x00007ffe1fa30000 - 0x00007ffe1fc47000 	C:\WINDOWS\SYSTEM32\ntdll.dll
0x00007ffe1f3c0000 - 0x00007ffe1f484000 	C:\WINDOWS\System32\KERNEL32.DLL
0x00007ffe1cda0000 - 0x00007ffe1d172000 	C:\WINDOWS\System32\KERNELBASE.dll
0x00007ffe1cc80000 - 0x00007ffe1cd91000 	C:\WINDOWS\System32\ucrtbase.dll
0x00007ffe17580000 - 0x00007ffe17598000 	C:\Program Files\Java\jdk-17.0.1\bin\jli.dll
0x00007ffe148a0000 - 0x00007ffe148ba000 	C:\Program Files\Java\jdk-17.0.1\bin\VCRUNTIME140.dll
0x00007ffe1e220000 - 0x00007ffe1e2d1000 	C:\WINDOWS\System32\ADVAPI32.dll
0x00007ffe1ed80000 - 0x00007ffe1ee27000 	C:\WINDOWS\System32\msvcrt.dll
0x00007ffe1d8c0000 - 0x00007ffe1d968000 	C:\WINDOWS\System32\sechost.dll
0x00007ffe1d180000 - 0x00007ffe1d1a8000 	C:\WINDOWS\System32\bcrypt.dll
0x00007ffe1f850000 - 0x00007ffe1f964000 	C:\WINDOWS\System32\RPCRT4.dll
0x00007ffe1f070000 - 0x00007ffe1f221000 	C:\WINDOWS\System32\USER32.dll
0x00007ffe1cc50000 - 0x00007ffe1cc76000 	C:\WINDOWS\System32\win32u.dll
0x00007ffe09a50000 - 0x00007ffe09ceb000 	C:\WINDOWS\WinSxS\amd64_microsoft.windows.common-controls_6595b64144ccf1df_6.0.22621.5547_none_27104afb73855772\COMCTL32.dll
0x00007ffe1e1f0000 - 0x00007ffe1e219000 	C:\WINDOWS\System32\GDI32.dll
0x00007ffe1cb20000 - 0x00007ffe1cc43000 	C:\WINDOWS\System32\gdi32full.dll
0x00007ffe1d270000 - 0x00007ffe1d30a000 	C:\WINDOWS\System32\msvcp_win.dll
0x00007ffe14cd0000 - 0x00007ffe14cda000 	C:\WINDOWS\SYSTEM32\VERSION.dll
0x00007ffe1f5f0000 - 0x00007ffe1f621000 	C:\WINDOWS\System32\IMM32.DLL
0x00007ffe18a10000 - 0x00007ffe18a1c000 	C:\Program Files\Java\jdk-17.0.1\bin\vcruntime140_1.dll
0x00007ffde21e0000 - 0x00007ffde226d000 	C:\Program Files\Java\jdk-17.0.1\bin\msvcp140.dll
0x00007ffdaed50000 - 0x00007ffdaf90e000 	C:\Program Files\Java\jdk-17.0.1\bin\server\jvm.dll
0x00007ffe1d6e0000 - 0x00007ffe1d6e8000 	C:\WINDOWS\System32\PSAPI.DLL
0x00007ffe177a0000 - 0x00007ffe177d4000 	C:\WINDOWS\SYSTEM32\WINMM.dll
0x00007ffdfd870000 - 0x00007ffdfd879000 	C:\WINDOWS\SYSTEM32\WSOCK32.dll
0x00007ffe1f970000 - 0x00007ffe1f9e1000 	C:\WINDOWS\System32\WS2_32.dll
0x00007ffe1bba0000 - 0x00007ffe1bbb8000 	C:\WINDOWS\SYSTEM32\kernel.appcore.dll
0x00007ffe188a0000 - 0x00007ffe188aa000 	C:\Program Files\Java\jdk-17.0.1\bin\jimage.dll
0x00007ffe14e00000 - 0x00007ffe15033000 	C:\WINDOWS\SYSTEM32\DBGHELP.DLL
0x00007ffe1de50000 - 0x00007ffe1e1e3000 	C:\WINDOWS\System32\combase.dll
0x00007ffe1f230000 - 0x00007ffe1f307000 	C:\WINDOWS\System32\OLEAUT32.dll
0x00007ffe14d10000 - 0x00007ffe14d42000 	C:\WINDOWS\SYSTEM32\dbgcore.DLL
0x00007ffe1d480000 - 0x00007ffe1d4fb000 	C:\WINDOWS\System32\bcryptPrimitives.dll
0x00007ffe054c0000 - 0x00007ffe054fb000 	C:\Program Files\Java\jdk-17.0.1\bin\jdwp.dll
0x00007ffe175f0000 - 0x00007ffe175fe000 	C:\Program Files\Java\jdk-17.0.1\bin\instrument.dll
0x00007ffe13c10000 - 0x00007ffe13c35000 	C:\Program Files\Java\jdk-17.0.1\bin\java.dll
0x00007ffdc9ef0000 - 0x00007ffdca101000 	C:\Users\rober\AppData\Local\Temp\idea_libasyncProfiler_dll_temp_folder1\libasyncProfiler.dll
0x00007ffe054a0000 - 0x00007ffe054b8000 	C:\Program Files\Java\jdk-17.0.1\bin\zip.dll
0x00007ffdd5400000 - 0x00007ffdd54d6000 	C:\Program Files\Java\jdk-17.0.1\bin\svml.dll
0x00007ffe1e440000 - 0x00007ffe1ece2000 	C:\WINDOWS\System32\SHELL32.dll
0x00007ffe1d580000 - 0x00007ffe1d6bf000 	C:\WINDOWS\System32\wintypes.dll
0x00007ffe1aa10000 - 0x00007ffe1b32d000 	C:\WINDOWS\SYSTEM32\windows.storage.dll
0x00007ffe1f740000 - 0x00007ffe1f84c000 	C:\WINDOWS\System32\SHCORE.dll
0x00007ffe1ee40000 - 0x00007ffe1eea9000 	C:\WINDOWS\System32\shlwapi.dll
0x00007ffe1ca50000 - 0x00007ffe1ca7b000 	C:\WINDOWS\SYSTEM32\profapi.dll
0x00007ffdfc6d0000 - 0x00007ffdfc6dc000 	C:\Program Files\Java\jdk-17.0.1\bin\dt_socket.dll
0x00007ffe1b600000 - 0x00007ffe1b62d000 	C:\WINDOWS\SYSTEM32\IPHLPAPI.DLL
0x00007ffe1c080000 - 0x00007ffe1c0e9000 	C:\WINDOWS\system32\mswsock.dll
0x00007ffe13bd0000 - 0x00007ffe13be9000 	C:\Program Files\Java\jdk-17.0.1\bin\net.dll
0x00007ffe15940000 - 0x00007ffe15a6c000 	C:\WINDOWS\SYSTEM32\WINHTTP.dll
0x00007ffe0b6c0000 - 0x00007ffe0b6d5000 	C:\Program Files\Java\jdk-17.0.1\bin\nio.dll
0x00007ffe14830000 - 0x00007ffe14839000 	C:\Program Files\Java\jdk-17.0.1\bin\management.dll
0x00007ffe14810000 - 0x00007ffe1481b000 	C:\Program Files\Java\jdk-17.0.1\bin\management_ext.dll
0x00007ffe14850000 - 0x00007ffe1485e000 	C:\Program Files\Java\jdk-17.0.1\bin\sunmscapi.dll
0x00007ffe1d310000 - 0x00007ffe1d477000 	C:\WINDOWS\System32\CRYPT32.dll
0x00007ffe1c4d0000 - 0x00007ffe1c4fd000 	C:\WINDOWS\SYSTEM32\ncrypt.dll
0x00007ffe1c490000 - 0x00007ffe1c4c7000 	C:\WINDOWS\SYSTEM32\NTASN1.dll
0x00007ffe1c2a0000 - 0x00007ffe1c2bb000 	C:\WINDOWS\SYSTEM32\CRYPTSP.dll
0x00007ffe1bb60000 - 0x00007ffe1bb97000 	C:\WINDOWS\system32\rsaenh.dll
0x00007ffe1c120000 - 0x00007ffe1c148000 	C:\WINDOWS\SYSTEM32\USERENV.dll
0x00007ffe1c2c0000 - 0x00007ffe1c2cc000 	C:\WINDOWS\SYSTEM32\CRYPTBASE.dll
0x00007ffe1ecf0000 - 0x00007ffe1ecf9000 	C:\WINDOWS\System32\NSI.dll
0x00007ffe16940000 - 0x00007ffe16959000 	C:\WINDOWS\SYSTEM32\dhcpcsvc6.DLL
0x00007ffe15730000 - 0x00007ffe1574f000 	C:\WINDOWS\SYSTEM32\dhcpcsvc.DLL
0x00007ffe1b670000 - 0x00007ffe1b768000 	C:\WINDOWS\SYSTEM32\DNSAPI.dll
0x00007ffdf7c60000 - 0x00007ffdf7c77000 	C:\WINDOWS\system32\napinsp.dll
0x00007ffdf7bc0000 - 0x00007ffdf7bdb000 	C:\WINDOWS\system32\pnrpnsp.dll
0x00007ffdf74c0000 - 0x00007ffdf74d1000 	C:\WINDOWS\System32\winrnr.dll
0x00007ffe17e80000 - 0x00007ffe17e9f000 	C:\WINDOWS\system32\wshbth.dll
0x00007ffdf7490000 - 0x00007ffdf74b1000 	C:\WINDOWS\system32\nlansp_c.dll
0x00007ffe121a0000 - 0x00007ffe121aa000 	C:\Windows\System32\rasadhlp.dll
0x00007ffe14b90000 - 0x00007ffe14c14000 	C:\WINDOWS\System32\fwpuclnt.dll
0x00007ffe0b760000 - 0x00007ffe0b770000 	C:\Program Files\Java\jdk-17.0.1\bin\verify.dll
0x00007ffdd5270000 - 0x00007ffdd53ff000 	C:\Program Files\Java\jdk-17.0.1\bin\awt.dll
0x00007ffe17700000 - 0x00007ffe17797000 	C:\WINDOWS\SYSTEM32\apphelp.dll
0x00007ffdf9920000 - 0x00007ffdf9970000 	C:\WINDOWS\SYSTEM32\pdh.dll
0x00007ffe18820000 - 0x00007ffe18831000 	C:\WINDOWS\System32\perfproc.dll
0x00007ffe18690000 - 0x00007ffe186a0000 	C:\WINDOWS\System32\perfos.dll
0x00007ffe1a390000 - 0x00007ffe1a3a0000 	C:\WINDOWS\SYSTEM32\pfclient.dll

dbghelp: loaded successfully - version: 4.0.5 - missing functions: none
symbol engine: initialized successfully - sym options: 0x614 - pdb path: .;C:\Program Files\Java\jdk-17.0.1\bin;C:\WINDOWS\SYSTEM32;C:\WINDOWS\WinSxS\amd64_microsoft.windows.common-controls_6595b64144ccf1df_6.0.22621.5547_none_27104afb73855772;C:\Program Files\Java\jdk-17.0.1\bin\server;C:\Users\rober\AppData\Local\Temp\idea_libasyncProfiler_dll_temp_folder1

VM Arguments:
jvm_args: -agentlib:jdwp=transport=dt_socket,address=127.0.0.1:58234,suspend=y,server=n -javaagent:C:\Users\rober\AppData\Local\JetBrains\IdeaIC2025.2\captureAgent\debugger-agent.jar=file:///C:/Users/rober/AppData/Local/Temp/capture3387563467408248831.props -agentpath:C:\Users\rober\AppData\Local\Temp\idea_libasyncProfiler_dll_temp_folder1\libasyncProfiler.dll=version,jfr,event=wall,interval=10ms,cstack=no,file=C:\Users\rober\IdeaSnapshots\UsersMicroserviceApplication_2025_10_30_124331.jfr,dbghelppath=C:\Users\rober\AppData\Local\Temp\idea_dbghelp_dll_temp_folder\dbghelp.dll,log=C:\Users\rober\AppData\Local\Temp\UsersMicroserviceApplication_2025_10_30_124331.jfr.log.txt,logLevel=DEBUG -Dkotlinx.coroutines.debug.enable.creation.stack.trace=false -Ddebugger.agent.enable.coroutines=true -Dkotlinx.coroutines.debug.enable.flows.stack.trace=true -Dkotlinx.coroutines.debug.enable.mutable.state.flows.stack.trace=true -Dfile.encoding=UTF-8 
java_command: com.users.UsersMicroservice.UsersMicroserviceApplication
java_class_path (initial): D:\Documents\micro_backend\UsersMicroservice\UsersMicroservice\target\classes;C:\Users\rober\.m2\repository\org\springframework\boot\spring-boot-starter-data-jdbc\3.5.5\spring-boot-starter-data-jdbc-3.5.5.jar;C:\Users\rober\.m2\repository\org\springframework\data\spring-data-jdbc\3.5.3\spring-data-jdbc-3.5.3.jar;C:\Users\rober\.m2\repository\org\springframework\data\spring-data-relational\3.5.3\spring-data-relational-3.5.3.jar;C:\Users\rober\.m2\repository\org\springframework\data\spring-data-commons\3.5.3\spring-data-commons-3.5.3.jar;C:\Users\rober\.m2\repository\org\springframework\spring-tx\6.2.10\spring-tx-6.2.10.jar;C:\Users\rober\.m2\repository\org\springframework\spring-context\6.2.10\spring-context-6.2.10.jar;C:\Users\rober\.m2\repository\org\springframework\spring-beans\6.2.10\spring-beans-6.2.10.jar;C:\Users\rober\.m2\repository\org\slf4j\slf4j-api\2.0.17\slf4j-api-2.0.17.jar;C:\Users\rober\.m2\repository\org\springframework\boot\spring-boot-starter-data-jpa\3.5.5\spring-boot-starter-data-jpa-3.5.5.jar;C:\Users\rober\.m2\repository\org\springframework\boot\spring-boot-starter\3.5.5\spring-boot-starter-3.5.5.jar;C:\Users\rober\.m2\repository\org\springframework\boot\spring-boot-starter-logging\3.5.5\spring-boot-starter-logging-3.5.5.jar;C:\Users\rober\.m2\repository\ch\qos\logback\logback-classic\1.5.18\logback-classic-1.5.18.jar;C:\Users\rober\.m2\repository\ch\qos\logback\logback-core\1.5.18\logback-core-1.5.18.jar;C:\Users\rober\.m2\repository\org\apache\logging\log4j\log4j-to-slf4j\2.24.3\log4j-to-slf4j-2.24.3.jar;C:\Users\rober\.m2\repository\org\apache\logging\log4j\log4j-api\2.24.3\log4j-api-2.24.3.jar;C:\Users\rober\.m2\repository\org\slf4j\jul-to-slf4j\2.0.17\jul-to-slf4j-2.0.17.jar;C:\Users\rober\.m2\repository\jakarta\annotation\jakarta.annotation-api\2.1.1\jakarta.annotation-api-2.1.1.jar;C:\Users\rober\.m2\repository\org\yaml\snakeyaml\2.4\snakeyaml-2.4.jar;C:\Users\rober\.m2\repository\org\hibernate\orm\hibernate-
Launcher Type: SUN_STANDARD

[Global flags]
     intx CICompilerCount                          = 4                                         {product} {ergonomic}
     uint ConcGCThreads                            = 2                                         {product} {ergonomic}
     uint G1ConcRefinementThreads                  = 8                                         {product} {ergonomic}
   size_t G1HeapRegionSize                         = 1048576                                   {product} {ergonomic}
    uintx GCDrainStackTargetSize                   = 64                                        {product} {ergonomic}
   size_t InitialHeapSize                          = 132120576                                 {product} {ergonomic}
   size_t MarkStackSize                            = 4194304                                   {product} {ergonomic}
   size_t MaxHeapSize                              = 2105540608                                {product} {ergonomic}
   size_t MaxNewSize                               = 1262485504                                {product} {ergonomic}
   size_t MinHeapDeltaBytes                        = 1048576                                   {product} {ergonomic}
   size_t MinHeapSize                              = 8388608                                   {product} {ergonomic}
    uintx NonNMethodCodeHeapSize                   = 5839372                                {pd product} {ergonomic}
    uintx NonProfiledCodeHeapSize                  = 122909434                              {pd product} {ergonomic}
    uintx ProfiledCodeHeapSize                     = 122909434                              {pd product} {ergonomic}
    uintx ReservedCodeCacheSize                    = 251658240                              {pd product} {ergonomic}
     bool SegmentedCodeCache                       = true                                      {product} {ergonomic}
   size_t SoftMaxHeapSize                          = 2105540608                             {manageable} {ergonomic}
     bool UseCompressedClassPointers               = true                           {product lp64_product} {ergonomic}
     bool UseCompressedOops                        = true                           {product lp64_product} {ergonomic}
     bool UseG1GC                                  = true                                      {product} {ergonomic}
     bool UseLargePagesIndividualAllocation        = false                                  {pd product} {ergonomic}

Logging:
Log output configuration:
 #0: stdout all=warning uptime,level,tags
 #1: stderr all=off uptime,level,tags

Environment Variables:
JAVA_HOME=C:\Program Files\Java\jdk-17.0.1
PATH=C:\app\rober\product\21c\dbhomeXE\bin;C:\Program Files\Common Files\Oracle\Java\javapath;C:\WINDOWS\system32;C:\WINDOWS;C:\WINDOWS\System32\Wbem;C:\WINDOWS\System32\WindowsPowerShell\v1.0\;C:\WINDOWS\System32\OpenSSH\;C:\php-8.3.10-Win32-vs16-x64;C:\xampp\php;C:\composer;c:\Program Files\nodejs\;C:\Program Files\Git\cmd;D:\Programas\Maven\apache-maven-3.9.6-bin\apache-maven-3.9.6\bin;C:\Program Files\Docker\Docker\resources\bin;C:\Users\rober\AppData\Local\Microsoft\WindowsApps;;C:\Users\rober\AppData\Local\Programs\Microsoft VS Code\bin;C:\Users\rober\AppData\Roaming\Composer\vendor\bin;C:\Users\rober\AppData\Roaming\npm;C:\Program Files\JetBrains\IntelliJ IDEA Community Edition 2025.2.1\bin
USERNAME=rober
OS=Windows_NT
PROCESSOR_IDENTIFIER=Intel64 Family 6 Model 142 Stepping 12, GenuineIntel



---------------  S Y S T E M  ---------------

OS:
 Windows 10 , 64 bit Build 22621 (10.0.22621.5415)
OS uptime: 32 days 22:37 hours
Hyper-V role detected

CPU: total 8 (initial active 8) (4 cores per cpu, 2 threads per core) family 6 model 142 stepping 12 microcode 0xde, cx8, cmov, fxsr, ht, mmx, 3dnowpref, sse, sse2, sse3, ssse3, sse4.1, sse4.2, popcnt, lzcnt, tsc, tscinvbit, avx, avx2, aes, erms, clmul, bmi1, bmi2, adx, fma, vzeroupper, clflush, clflushopt, hv

Memory: 4k page, system-wide physical 8025M (597M free)
TotalPageFile size 32601M (AvailPageFile size 11M)
current process WorkingSet (physical memory assigned to process): 447M, peak: 457M
current process commit charge ("private bytes"): 503M, peak: 512M

vm_info: Java HotSpot(TM) 64-Bit Server VM (17.0.1+12-LTS-39) for windows-amd64 JRE (17.0.1+12-LTS-39), built on Sep 27 2021 18:41:35 by "mach5one" with MS VC++ 16.8 (VS2019)

END.
