2025-11-19 21:13:07 [background-preinit] INFO  o.h.validator.internal.util.Version [] - HV000001: Hibernate Validator 8.0.3.Final
2025-11-19 21:13:07 [restartedMain] INFO  c.u.U.UsersMicroserviceApplication [] - Starting UsersMicroserviceApplication using Java 17.0.1 with PID 28620 (D:\Documents\micro_backend\UsersMicroservice\target\classes started by rober in D:\Documents\micro_backend\UsersMicroservice)
2025-11-19 21:13:07 [restartedMain] DEBUG c.u.U.UsersMicroserviceApplication [] - Running with Spring Boot v3.5.5, Spring v6.2.10
2025-11-19 21:13:07 [restartedMain] INFO  c.u.U.UsersMicroserviceApplication [] - The following 1 profile is active: "local"
2025-11-19 21:13:08 [restartedMain] INFO  o.s.b.d.e.DevToolsPropertyDefaultsPostProcessor [] - Devtools property defaults active! Set 'spring.devtools.add-properties' to 'false' to disable
2025-11-19 21:13:08 [restartedMain] INFO  o.s.b.d.e.DevToolsPropertyDefaultsPostProcessor [] - For additional web related logging consider setting the 'logging.level.web' property to 'DEBUG'
2025-11-19 21:13:10 [restartedMain] INFO  o.s.d.r.c.RepositoryConfigurationDelegate [] - Multiple Spring Data modules found, entering strict repository configuration mode
2025-11-19 21:13:10 [restartedMain] INFO  o.s.d.r.c.RepositoryConfigurationDelegate [] - Bootstrapping Spring Data JDBC repositories in DEFAULT mode.
2025-11-19 21:13:10 [restartedMain] INFO  o.s.d.r.c.RepositoryConfigurationExtensionSupport [] - Spring Data JDBC - Could not safely identify store assignment for repository candidate interface com.users.UsersMicroservice.repositories.BookListRepository; If you want this repository to be a JDBC repository, consider annotating your entities with one of these annotations: org.springframework.data.relational.core.mapping.Table.
2025-11-19 21:13:10 [restartedMain] INFO  o.s.d.r.c.RepositoryConfigurationExtensionSupport [] - Spring Data JDBC - Could not safely identify store assignment for repository candidate interface com.users.UsersMicroservice.repositories.UserEntityRepository; If you want this repository to be a JDBC repository, consider annotating your entities with one of these annotations: org.springframework.data.relational.core.mapping.Table.
2025-11-19 21:13:10 [restartedMain] INFO  o.s.d.r.c.RepositoryConfigurationExtensionSupport [] - Spring Data JDBC - Could not safely identify store assignment for repository candidate interface com.users.UsersMicroservice.repositories.UserListRepository; If you want this repository to be a JDBC repository, consider annotating your entities with one of these annotations: org.springframework.data.relational.core.mapping.Table.
2025-11-19 21:13:10 [restartedMain] INFO  o.s.d.r.c.RepositoryConfigurationDelegate [] - Finished Spring Data repository scanning in 105 ms. Found 0 JDBC repository interfaces.
2025-11-19 21:13:10 [restartedMain] INFO  o.s.d.r.c.RepositoryConfigurationDelegate [] - Multiple Spring Data modules found, entering strict repository configuration mode
2025-11-19 21:13:10 [restartedMain] INFO  o.s.d.r.c.RepositoryConfigurationDelegate [] - Bootstrapping Spring Data JPA repositories in DEFAULT mode.
2025-11-19 21:13:10 [restartedMain] INFO  o.s.d.r.c.RepositoryConfigurationDelegate [] - Finished Spring Data repository scanning in 79 ms. Found 3 JPA repository interfaces.
2025-11-19 21:13:11 [restartedMain] WARN  o.s.c.s.PostProcessorRegistrationDelegate$BeanPostProcessorChecker [] - Bean 'net.bull.javamelody.JavaMelodyAutoConfiguration' of type [net.bull.javamelody.JavaMelodyAutoConfiguration$$SpringCGLIB$$0] is not eligible for getting processed by all BeanPostProcessors (for example: not eligible for auto-proxying). The currently created BeanPostProcessor [monitoringDataSourceBeanPostProcessor] is declared through a non-static factory method on that class; consider declaring it as static instead.
2025-11-19 21:13:11 [restartedMain] WARN  o.s.c.s.PostProcessorRegistrationDelegate$BeanPostProcessorChecker [] - Bean 'monitoringSpringAdvisor' of type [net.bull.javamelody.MonitoringSpringAdvisor] is not eligible for getting processed by all BeanPostProcessors (for example: not eligible for auto-proxying). Is this bean getting eagerly injected/applied to a currently created BeanPostProcessor [projectingArgumentResolverBeanPostProcessor]? Check the corresponding BeanPostProcessor declaration and its dependencies/advisors. If this bean does not have to be post-processed, declare it with ROLE_INFRASTRUCTURE.
2025-11-19 21:13:11 [restartedMain] WARN  o.s.c.s.PostProcessorRegistrationDelegate$BeanPostProcessorChecker [] - Bean 'monitoringSpringServiceAdvisor' of type [net.bull.javamelody.MonitoringSpringAdvisor] is not eligible for getting processed by all BeanPostProcessors (for example: not eligible for auto-proxying). Is this bean getting eagerly injected/applied to a currently created BeanPostProcessor [projectingArgumentResolverBeanPostProcessor]? Check the corresponding BeanPostProcessor declaration and its dependencies/advisors. If this bean does not have to be post-processed, declare it with ROLE_INFRASTRUCTURE.
2025-11-19 21:13:11 [restartedMain] WARN  o.s.c.s.PostProcessorRegistrationDelegate$BeanPostProcessorChecker [] - Bean 'monitoringSpringControllerAdvisor' of type [net.bull.javamelody.MonitoringSpringAdvisor] is not eligible for getting processed by all BeanPostProcessors (for example: not eligible for auto-proxying). Is this bean getting eagerly injected/applied to a currently created BeanPostProcessor [projectingArgumentResolverBeanPostProcessor]? Check the corresponding BeanPostProcessor declaration and its dependencies/advisors. If this bean does not have to be post-processed, declare it with ROLE_INFRASTRUCTURE.
2025-11-19 21:13:11 [restartedMain] WARN  o.s.c.s.PostProcessorRegistrationDelegate$BeanPostProcessorChecker [] - Bean 'monitoringSpringRestControllerAdvisor' of type [net.bull.javamelody.MonitoringSpringAdvisor] is not eligible for getting processed by all BeanPostProcessors (for example: not eligible for auto-proxying). Is this bean getting eagerly injected/applied to a currently created BeanPostProcessor [projectingArgumentResolverBeanPostProcessor]? Check the corresponding BeanPostProcessor declaration and its dependencies/advisors. If this bean does not have to be post-processed, declare it with ROLE_INFRASTRUCTURE.
2025-11-19 21:13:11 [restartedMain] WARN  o.s.c.s.PostProcessorRegistrationDelegate$BeanPostProcessorChecker [] - Bean 'monitoringSpringAsyncAdvisor' of type [net.bull.javamelody.MonitoringSpringAdvisor] is not eligible for getting processed by all BeanPostProcessors (for example: not eligible for auto-proxying). Is this bean getting eagerly injected/applied to a currently created BeanPostProcessor [projectingArgumentResolverBeanPostProcessor]? Check the corresponding BeanPostProcessor declaration and its dependencies/advisors. If this bean does not have to be post-processed, declare it with ROLE_INFRASTRUCTURE.
2025-11-19 21:13:11 [restartedMain] WARN  o.s.c.s.PostProcessorRegistrationDelegate$BeanPostProcessorChecker [] - Bean 'monitoringSpringScheduledAdvisor' of type [net.bull.javamelody.MonitoringSpringAdvisor] is not eligible for getting processed by all BeanPostProcessors (for example: not eligible for auto-proxying). Is this bean getting eagerly injected/applied to a currently created BeanPostProcessor [projectingArgumentResolverBeanPostProcessor]? Check the corresponding BeanPostProcessor declaration and its dependencies/advisors. If this bean does not have to be post-processed, declare it with ROLE_INFRASTRUCTURE.
2025-11-19 21:13:12 [restartedMain] INFO  o.s.b.w.e.tomcat.TomcatWebServer [] - Tomcat initialized with port 9001 (http)
2025-11-19 21:13:12 [restartedMain] INFO  o.a.coyote.http11.Http11NioProtocol [] - Initializing ProtocolHandler ["http-nio-9001"]
2025-11-19 21:13:12 [restartedMain] INFO  o.a.catalina.core.StandardService [] - Starting service [Tomcat]
2025-11-19 21:13:12 [restartedMain] INFO  o.a.catalina.core.StandardEngine [] - Starting Servlet engine: [Apache Tomcat/10.1.44]
2025-11-19 21:13:12 [restartedMain] INFO  o.a.c.c.C.[Tomcat].[localhost].[/] [] - Initializing Spring embedded WebApplicationContext
2025-11-19 21:13:12 [restartedMain] INFO  o.s.b.w.s.c.ServletWebServerApplicationContext [] - Root WebApplicationContext: initialization completed in 4504 ms
2025-11-19 21:13:13 [restartedMain] DEBUG c.u.U.security.JwtRequestFilter [] - Filter 'jwtRequestFilter' configured for use
2025-11-19 21:13:13 [restartedMain] DEBUG c.u.U.security.ApiFilter [] - Filter 'apiFilter' configured for use
2025-11-19 21:13:13 [restartedMain] INFO  o.h.jpa.internal.util.LogHelper [] - HHH000204: Processing PersistenceUnitInfo [name: default]
2025-11-19 21:13:13 [restartedMain] INFO  org.hibernate.Version [] - HHH000412: Hibernate ORM core version 6.6.26.Final
2025-11-19 21:13:13 [restartedMain] INFO  o.h.c.i.RegionFactoryInitiator [] - HHH000026: Second-level cache disabled
2025-11-19 21:13:13 [restartedMain] INFO  o.s.o.j.p.SpringPersistenceUnitInfo [] - No LoadTimeWeaver setup: ignoring JPA class transformer
2025-11-19 21:13:14 [restartedMain] INFO  com.zaxxer.hikari.HikariDataSource [] - HikariPool-1 - Starting...
2025-11-19 21:13:14 [restartedMain] INFO  com.zaxxer.hikari.pool.HikariPool [] - HikariPool-1 - Added connection com.mysql.cj.jdbc.ConnectionImpl@64145f03
2025-11-19 21:13:14 [restartedMain] INFO  com.zaxxer.hikari.HikariDataSource [] - HikariPool-1 - Start completed.
2025-11-19 21:13:15 [restartedMain] WARN  org.hibernate.orm.deprecation [] - HHH90000025: MySQL8Dialect does not need to be specified explicitly using 'hibernate.dialect' (remove the property setting and it will be selected by default)
2025-11-19 21:13:15 [restartedMain] WARN  org.hibernate.orm.deprecation [] - HHH90000026: MySQL8Dialect has been deprecated; use org.hibernate.dialect.MySQLDialect instead
2025-11-19 21:13:15 [restartedMain] INFO  o.hibernate.orm.connections.pooling [] - HHH10001005: Database info:
	Database JDBC URL [Connecting through datasource 'HikariDataSource (HikariPool-1)']
	Database driver: undefined/unknown
	Database version: 8.0
	Autocommit mode: undefined/unknown
	Isolation level: undefined/unknown
	Minimum pool size: undefined/unknown
	Maximum pool size: undefined/unknown
2025-11-19 21:13:15 [restartedMain] DEBUG o.h.t.d.sql.spi.DdlTypeRegistry [] - addDescriptor(12, org.hibernate.type.descriptor.sql.internal.CapacityDependentDdlType@25cd3621) replaced previous registration(org.hibernate.type.descriptor.sql.internal.CapacityDependentDdlType@6405f41d)
2025-11-19 21:13:15 [restartedMain] DEBUG o.h.t.d.sql.spi.DdlTypeRegistry [] - addDescriptor(-9, org.hibernate.type.descriptor.sql.internal.CapacityDependentDdlType@53f0a582) replaced previous registration(org.hibernate.type.descriptor.sql.internal.CapacityDependentDdlType@b22c42f)
2025-11-19 21:13:15 [restartedMain] DEBUG o.h.t.d.sql.spi.DdlTypeRegistry [] - addDescriptor(-3, org.hibernate.type.descriptor.sql.internal.CapacityDependentDdlType@47129754) replaced previous registration(org.hibernate.type.descriptor.sql.internal.CapacityDependentDdlType@c7c36b7)
2025-11-19 21:13:15 [restartedMain] DEBUG o.h.t.d.sql.spi.DdlTypeRegistry [] - addDescriptor(4003, org.hibernate.type.descriptor.sql.internal.DdlTypeImpl@5a765e0f) replaced previous registration(org.hibernate.type.descriptor.sql.internal.DdlTypeImpl@47e8fad2)
2025-11-19 21:13:15 [restartedMain] DEBUG o.h.t.d.sql.spi.DdlTypeRegistry [] - addDescriptor(4001, org.hibernate.type.descriptor.sql.internal.DdlTypeImpl@14136d4c) replaced previous registration(org.hibernate.type.descriptor.sql.internal.DdlTypeImpl@793728f7)
2025-11-19 21:13:15 [restartedMain] DEBUG o.h.t.d.sql.spi.DdlTypeRegistry [] - addDescriptor(4002, org.hibernate.type.descriptor.sql.internal.DdlTypeImpl@11d997f8) replaced previous registration(org.hibernate.type.descriptor.sql.internal.DdlTypeImpl@11e7d17b)
2025-11-19 21:13:15 [restartedMain] DEBUG o.h.t.d.sql.spi.DdlTypeRegistry [] - addDescriptor(2004, org.hibernate.type.descriptor.sql.internal.CapacityDependentDdlType@1e11b706) replaced previous registration(org.hibernate.type.descriptor.sql.internal.DdlTypeImpl@5e2154a3)
2025-11-19 21:13:15 [restartedMain] DEBUG o.h.t.d.sql.spi.DdlTypeRegistry [] - addDescriptor(2005, org.hibernate.type.descriptor.sql.internal.CapacityDependentDdlType@31a6ec8) replaced previous registration(org.hibernate.type.descriptor.sql.internal.DdlTypeImpl@2cd90bd9)
2025-11-19 21:13:15 [restartedMain] DEBUG o.h.t.d.sql.spi.DdlTypeRegistry [] - addDescriptor(2011, org.hibernate.type.descriptor.sql.internal.CapacityDependentDdlType@3fe330c3) replaced previous registration(org.hibernate.type.descriptor.sql.internal.DdlTypeImpl@6b33ffd0)
2025-11-19 21:13:16 [restartedMain] INFO  o.h.e.t.j.p.i.JtaPlatformInitiator [] - HHH000489: No JTA platform available (set 'hibernate.transaction.jta.platform' to enable JTA platform integration)
2025-11-19 21:13:17 [restartedMain] INFO  o.s.o.j.LocalContainerEntityManagerFactoryBean [] - Initialized JPA EntityManagerFactory for persistence unit 'default'
2025-11-19 21:13:18 [restartedMain] WARN  o.s.b.a.o.j.JpaBaseConfiguration$JpaWebConfiguration [] - spring.jpa.open-in-view is enabled by default. Therefore, database queries may be performed during view rendering. Explicitly configure spring.jpa.open-in-view to disable this warning
2025-11-19 21:13:20 [restartedMain] INFO  o.s.b.d.a.OptionalLiveReloadServer [] - LiveReload server is running on port 35729
2025-11-19 21:13:20 [restartedMain] INFO  o.a.coyote.http11.Http11NioProtocol [] - Starting ProtocolHandler ["http-nio-9001"]
2025-11-19 21:13:20 [restartedMain] INFO  o.s.b.w.e.tomcat.TomcatWebServer [] - Tomcat started on port 9001 (http) with context path '/'
2025-11-19 21:13:20 [restartedMain] INFO  c.u.U.UsersMicroserviceApplication [] - Started UsersMicroserviceApplication in 13.537 seconds (process running for 14.963)
2025-11-19 21:20:51 [SpringApplicationShutdownHook] INFO  o.s.b.w.e.tomcat.GracefulShutdown [] - Commencing graceful shutdown. Waiting for active requests to complete
2025-11-19 21:20:51 [tomcat-shutdown] INFO  o.s.b.w.e.tomcat.GracefulShutdown [] - Graceful shutdown complete
2025-11-19 21:20:51 [SpringApplicationShutdownHook] INFO  o.s.o.j.LocalContainerEntityManagerFactoryBean [] - Closing JPA EntityManagerFactory for persistence unit 'default'
2025-11-19 21:20:51 [SpringApplicationShutdownHook] INFO  com.zaxxer.hikari.HikariDataSource [] - HikariPool-1 - Shutdown initiated...
2025-11-19 21:20:51 [SpringApplicationShutdownHook] INFO  com.zaxxer.hikari.HikariDataSource [] - HikariPool-1 - Shutdown completed.
