#
# There is insufficient memory for the Java Runtime Environment to continue.
# Native memory allocation (malloc) failed to allocate 1064288 bytes for Chunk::new
# Possible reasons:
#   The system is out of physical RAM or swap space
#   The process is running with CompressedOops enabled, and the Java Heap may be blocking the growth of the native heap
# Possible solutions:
#   Reduce memory load on the system
#   Increase physical memory or swap space
#   Check if swap backing store is full
#   Decrease Java heap size (-Xmx/-Xms)
#   Decrease number of Java threads
#   Decrease Java thread stack sizes (-Xss)
#   Set larger code cache with -XX:ReservedCodeCacheSize=
#   JVM is running with Unscaled Compressed Oops mode in which the Java heap is
#     placed in the first 4GB address space. The Java Heap base address is the
#     maximum limit for the native heap growth. Please use -XX:HeapBaseMinAddress
#     to set the Java Heap base and to place the Java Heap above 4GB virtual address.
# This output file may be truncated or incomplete.
#
#  Out of Memory Error (arena.cpp:189), pid=5168, tid=32996
#
# JRE version: Java(TM) SE Runtime Environment (17.0.1+12) (build 17.0.1+12-LTS-39)
# Java VM: Java HotSpot(TM) 64-Bit Server VM (17.0.1+12-LTS-39, mixed mode, sharing, tiered, compressed oops, compressed class ptrs, g1 gc, windows-amd64)
# No core dump will be written. Minidumps are not enabled by default on client versions of Windows
#

---------------  S U M M A R Y ------------

Command Line: -javaagent:C:\Program Files\JetBrains\IntelliJ IDEA Community Edition 2025.2.1\lib\idea_rt.jar=59618 -Dfile.encoding=UTF-8 com.security.security.SecurityApplication

Host: Intel(R) Core(TM) i5-10210U CPU @ 1.60GHz, 8 cores, 7G,  Windows 10 , 64 bit Build 22621 (10.0.22621.5415)
Time: Mon Oct 27 13:41:45 2025 Hora estándar romance elapsed time: 1.314419 seconds (0d 0h 0m 1s)

---------------  T H R E A D  ---------------

Current thread (0x00000184786dd2a0):  JavaThread "C2 CompilerThread0" daemon [_thread_in_native, id=32996, stack(0x0000004a93100000,0x0000004a93200000)]


Current CompileTask:
C2:   1314 1667       4       jdk.internal.org.objectweb.asm.Frame::execute (2305 bytes)

Stack: [0x0000004a93100000,0x0000004a93200000]
Native frames: (J=compiled Java code, j=interpreted, Vv=VM code, C=native code)
V  [jvm.dll+0x66fa1a]
V  [jvm.dll+0x7ce5a4]
V  [jvm.dll+0x7cfd4e]
V  [jvm.dll+0x7d03b3]
V  [jvm.dll+0x242b05]
V  [jvm.dll+0xaa05b]
V  [jvm.dll+0xaa5ec]
V  [jvm.dll+0x35fa07]
V  [jvm.dll+0x1b9918]
V  [jvm.dll+0x215d49]
V  [jvm.dll+0x215011]
V  [jvm.dll+0x1a168d]
V  [jvm.dll+0x224848]
V  [jvm.dll+0x2229ac]
V  [jvm.dll+0x78435b]
V  [jvm.dll+0x77e91a]
V  [jvm.dll+0x66e845]
C  [ucrtbase.dll+0x29333]
C  [KERNEL32.DLL+0x1259d]
C  [ntdll.dll+0x5af78]


---------------  P R O C E S S  ---------------

Threads class SMR info:
_java_thread_list=0x000001847ad6d4e0, length=21, elements={
0x000001845a7118c0, 0x00000184786bb890, 0x00000184786bc700, 0x00000184786cf770,
0x00000184786d0230, 0x00000184786d3c00, 0x00000184786d45b0, 0x00000184786dd2a0,
0x00000184787011a0, 0x0000018478703ba0, 0x00000184786a8dc0, 0x0000018479399360,
0x0000018479426a70, 0x000001847944bb20, 0x000001847a0780a0, 0x0000018479934880,
0x000001847a6181b0, 0x0000018479bf1a30, 0x0000018479bf6050, 0x000001847a5f8940,
0x000001847a809210
}

Java Threads: ( => current thread )
  0x000001845a7118c0 JavaThread "main" [_thread_blocked, id=1520, stack(0x0000004a92400000,0x0000004a92500000)]
  0x00000184786bb890 JavaThread "Reference Handler" daemon [_thread_blocked, id=35596, stack(0x0000004a92b00000,0x0000004a92c00000)]
  0x00000184786bc700 JavaThread "Finalizer" daemon [_thread_blocked, id=22276, stack(0x0000004a92c00000,0x0000004a92d00000)]
  0x00000184786cf770 JavaThread "Signal Dispatcher" daemon [_thread_blocked, id=22508, stack(0x0000004a92d00000,0x0000004a92e00000)]
  0x00000184786d0230 JavaThread "Attach Listener" daemon [_thread_blocked, id=1828, stack(0x0000004a92e00000,0x0000004a92f00000)]
  0x00000184786d3c00 JavaThread "Service Thread" daemon [_thread_blocked, id=39400, stack(0x0000004a92f00000,0x0000004a93000000)]
  0x00000184786d45b0 JavaThread "Monitor Deflation Thread" daemon [_thread_blocked, id=17520, stack(0x0000004a93000000,0x0000004a93100000)]
=>0x00000184786dd2a0 JavaThread "C2 CompilerThread0" daemon [_thread_in_native, id=32996, stack(0x0000004a93100000,0x0000004a93200000)]
  0x00000184787011a0 JavaThread "C1 CompilerThread0" daemon [_thread_in_vm, id=36684, stack(0x0000004a93200000,0x0000004a93300000)]
  0x0000018478703ba0 JavaThread "Sweeper thread" daemon [_thread_blocked, id=36736, stack(0x0000004a93300000,0x0000004a93400000)]
  0x00000184786a8dc0 JavaThread "Common-Cleaner" daemon [_thread_blocked, id=15640, stack(0x0000004a93400000,0x0000004a93500000)]
  0x0000018479399360 JavaThread "C2 CompilerThread1" daemon [_thread_in_native, id=4596, stack(0x0000004a93500000,0x0000004a93600000)]
  0x0000018479426a70 JavaThread "Monitor Ctrl-Break" daemon [_thread_in_native, id=33104, stack(0x0000004a93600000,0x0000004a93700000)]
  0x000001847944bb20 JavaThread "Notification Thread" daemon [_thread_blocked, id=28308, stack(0x0000004a93700000,0x0000004a93800000)]
  0x000001847a0780a0 JavaThread "RMI TCP Accept-0" daemon [_thread_in_native, id=33032, stack(0x0000004a93900000,0x0000004a93a00000)]
  0x0000018479934880 JavaThread "RMI TCP Connection(1)-192.168.176.1" daemon [_thread_in_native, id=35660, stack(0x0000004a94300000,0x0000004a94400000)]
  0x000001847a6181b0 JavaThread "RMI Scheduler(0)" daemon [_thread_blocked, id=37312, stack(0x0000004a94400000,0x0000004a94500000)]
  0x0000018479bf1a30 JavaThread "Thread-0" [_thread_blocked, id=37052, stack(0x0000004a94500000,0x0000004a94600000)]
  0x0000018479bf6050 JavaThread "restartedMain" [_thread_in_Java, id=27164, stack(0x0000004a94600000,0x0000004a94700000)]
  0x000001847a5f8940 JavaThread "JMX server connection timeout 23" daemon [_thread_blocked, id=17720, stack(0x0000004a94700000,0x0000004a94800000)]
  0x000001847a809210 JavaThread "background-preinit" [_thread_in_vm, id=4228, stack(0x0000004a94800000,0x0000004a94900000)]

Other Threads:
  0x00000184786b7480 VMThread "VM Thread" [stack: 0x0000004a92a00000,0x0000004a92b00000] [id=38528]
  0x000001845a7719b0 WatcherThread [stack: 0x0000004a93800000,0x0000004a93900000] [id=27468]
  0x000001845a7512c0 GCTaskThread "GC Thread#0" [stack: 0x0000004a92500000,0x0000004a92600000] [id=23152]
  0x0000018479b6b9e0 GCTaskThread "GC Thread#1" [stack: 0x0000004a93a00000,0x0000004a93b00000] [id=22080]
  0x000001847a863240 GCTaskThread "GC Thread#2" [stack: 0x0000004a93b00000,0x0000004a93c00000] [id=13080]
  0x000001847a538ee0 GCTaskThread "GC Thread#3" [stack: 0x0000004a93c00000,0x0000004a93d00000] [id=4000]
  0x000001847a092c60 GCTaskThread "GC Thread#4" [stack: 0x0000004a93d00000,0x0000004a93e00000] [id=19344]
  0x000001847a6fe260 GCTaskThread "GC Thread#5" [stack: 0x0000004a93e00000,0x0000004a93f00000] [id=27360]
  0x000001847a8182e0 GCTaskThread "GC Thread#6" [stack: 0x0000004a93f00000,0x0000004a94000000] [id=21144]
  0x000001847a68d4e0 GCTaskThread "GC Thread#7" [stack: 0x0000004a94000000,0x0000004a94100000] [id=29080]
  0x000001845a762d10 ConcurrentGCThread "G1 Main Marker" [stack: 0x0000004a92600000,0x0000004a92700000] [id=16260]
  0x000001845a763720 ConcurrentGCThread "G1 Conc#0" [stack: 0x0000004a92700000,0x0000004a92800000] [id=19964]
  0x000001845a7ce3a0 ConcurrentGCThread "G1 Refine#0" [stack: 0x0000004a92800000,0x0000004a92900000] [id=34940]
  0x000001847a1a5f80 ConcurrentGCThread "G1 Refine#1" [stack: 0x0000004a94100000,0x0000004a94200000] [id=35900]
  0x000001847a779be0 ConcurrentGCThread "G1 Refine#2" [stack: 0x0000004a94200000,0x0000004a94300000] [id=29884]
  0x00000184785740c0 ConcurrentGCThread "G1 Service" [stack: 0x0000004a92900000,0x0000004a92a00000] [id=33624]

Threads with active compile tasks:
C2 CompilerThread0     1342 1667       4       jdk.internal.org.objectweb.asm.Frame::execute (2305 bytes)
C1 CompilerThread0     1342 2022       3       org.springframework.boot.context.properties.source.ConfigurationPropertyName::buildSimpleToString (60 bytes)
C2 CompilerThread1     1342 1824       4       org.springframework.boot.context.config.ConfigDataEnvironmentContributor$ContributorIterator::fetchIfNecessary (153 bytes)

VM state: not at safepoint (normal execution)

VM Mutex/Monitor currently owned by a thread: None

Heap address: 0x0000000082800000, size: 2008 MB, Compressed Oops mode: 32-bit

CDS archive(s) mapped at: [0x0000000800000000-0x0000000800bc0000-0x0000000800bc0000), size 12320768, SharedBaseAddress: 0x0000000800000000, ArchiveRelocationMode: 0.
Compressed class space mapped at: 0x0000000800c00000-0x0000000840c00000, reserved size: 1073741824
Narrow klass base: 0x0000000800000000, Narrow klass shift: 0, Narrow klass range: 0x100000000

GC Precious Log:
 CPUs: 8 total, 8 available
 Memory: 8025M
 Large Page Support: Disabled
 NUMA Support: Disabled
 Compressed Oops: Enabled (32-bit)
 Heap Region Size: 1M
 Heap Min Capacity: 8M
 Heap Initial Capacity: 126M
 Heap Max Capacity: 2008M
 Pre-touch: Disabled
 Parallel Workers: 8
 Concurrent Workers: 2
 Concurrent Refinement Workers: 8
 Periodic GC: Disabled

Heap:
 garbage-first heap   total 129024K, used 60685K [0x0000000082800000, 0x0000000100000000)
  region size 1024K, 53 young (54272K), 1 survivors (1024K)
 Metaspace       used 13051K, committed 13440K, reserved 1064960K
  class space    used 1651K, committed 1856K, reserved 1048576K

Heap Regions: E=young(eden), S=young(survivor), O=old, HS=humongous(starts), HC=humongous(continues), CS=collection set, F=free, OA=open archive, CA=closed archive, TAMS=top-at-mark-start (previous, next)
|   0|0x0000000082800000, 0x0000000082900000, 0x0000000082900000|100%|HS|  |TAMS 0x0000000082800000, 0x0000000082800000| Complete 
|   1|0x0000000082900000, 0x0000000082a00000, 0x0000000082a00000|100%|HS|  |TAMS 0x0000000082900000, 0x0000000082900000| Complete 
|   2|0x0000000082a00000, 0x0000000082b00000, 0x0000000082b00000|100%| O|  |TAMS 0x0000000082a00000, 0x0000000082a00000| Untracked 
|   3|0x0000000082b00000, 0x0000000082c00000, 0x0000000082c00000|100%| O|  |TAMS 0x0000000082b00000, 0x0000000082b00000| Untracked 
|   4|0x0000000082c00000, 0x0000000082d00000, 0x0000000082d00000|100%| O|  |TAMS 0x0000000082c00000, 0x0000000082c00000| Untracked 
|   5|0x0000000082d00000, 0x0000000082e00000, 0x0000000082e00000|100%| O|  |TAMS 0x0000000082d00000, 0x0000000082d00000| Untracked 
|   6|0x0000000082e00000, 0x0000000082f00000, 0x0000000082f00000|100%| O|  |TAMS 0x0000000082e00000, 0x0000000082e00000| Untracked 
|   7|0x0000000082f00000, 0x0000000083000000, 0x0000000083000000|100%| O|  |TAMS 0x0000000082f00000, 0x0000000082f00000| Untracked 
|   8|0x0000000083000000, 0x00000000830e6600, 0x0000000083100000| 89%| O|  |TAMS 0x0000000083000000, 0x0000000083000000| Untracked 
|   9|0x0000000083100000, 0x0000000083100000, 0x0000000083200000|  0%| F|  |TAMS 0x0000000083100000, 0x0000000083100000| Untracked 
|  10|0x0000000083200000, 0x0000000083200000, 0x0000000083300000|  0%| F|  |TAMS 0x0000000083200000, 0x0000000083200000| Untracked 
|  11|0x0000000083300000, 0x0000000083300000, 0x0000000083400000|  0%| F|  |TAMS 0x0000000083300000, 0x0000000083300000| Untracked 
|  12|0x0000000083400000, 0x0000000083400000, 0x0000000083500000|  0%| F|  |TAMS 0x0000000083400000, 0x0000000083400000| Untracked 
|  13|0x0000000083500000, 0x0000000083500000, 0x0000000083600000|  0%| F|  |TAMS 0x0000000083500000, 0x0000000083500000| Untracked 
|  14|0x0000000083600000, 0x0000000083600000, 0x0000000083700000|  0%| F|  |TAMS 0x0000000083600000, 0x0000000083600000| Untracked 
|  15|0x0000000083700000, 0x0000000083700000, 0x0000000083800000|  0%| F|  |TAMS 0x0000000083700000, 0x0000000083700000| Untracked 
|  16|0x0000000083800000, 0x0000000083800000, 0x0000000083900000|  0%| F|  |TAMS 0x0000000083800000, 0x0000000083800000| Untracked 
|  17|0x0000000083900000, 0x0000000083900000, 0x0000000083a00000|  0%| F|  |TAMS 0x0000000083900000, 0x0000000083900000| Untracked 
|  18|0x0000000083a00000, 0x0000000083a00000, 0x0000000083b00000|  0%| F|  |TAMS 0x0000000083a00000, 0x0000000083a00000| Untracked 
|  19|0x0000000083b00000, 0x0000000083b00000, 0x0000000083c00000|  0%| F|  |TAMS 0x0000000083b00000, 0x0000000083b00000| Untracked 
|  20|0x0000000083c00000, 0x0000000083c00000, 0x0000000083d00000|  0%| F|  |TAMS 0x0000000083c00000, 0x0000000083c00000| Untracked 
|  21|0x0000000083d00000, 0x0000000083d00000, 0x0000000083e00000|  0%| F|  |TAMS 0x0000000083d00000, 0x0000000083d00000| Untracked 
|  22|0x0000000083e00000, 0x0000000083e00000, 0x0000000083f00000|  0%| F|  |TAMS 0x0000000083e00000, 0x0000000083e00000| Untracked 
|  23|0x0000000083f00000, 0x0000000083f00000, 0x0000000084000000|  0%| F|  |TAMS 0x0000000083f00000, 0x0000000083f00000| Untracked 
|  24|0x0000000084000000, 0x0000000084000000, 0x0000000084100000|  0%| F|  |TAMS 0x0000000084000000, 0x0000000084000000| Untracked 
|  25|0x0000000084100000, 0x0000000084100000, 0x0000000084200000|  0%| F|  |TAMS 0x0000000084100000, 0x0000000084100000| Untracked 
|  26|0x0000000084200000, 0x0000000084200000, 0x0000000084300000|  0%| F|  |TAMS 0x0000000084200000, 0x0000000084200000| Untracked 
|  27|0x0000000084300000, 0x0000000084300000, 0x0000000084400000|  0%| F|  |TAMS 0x0000000084300000, 0x0000000084300000| Untracked 
|  28|0x0000000084400000, 0x0000000084400000, 0x0000000084500000|  0%| F|  |TAMS 0x0000000084400000, 0x0000000084400000| Untracked 
|  29|0x0000000084500000, 0x0000000084500000, 0x0000000084600000|  0%| F|  |TAMS 0x0000000084500000, 0x0000000084500000| Untracked 
|  30|0x0000000084600000, 0x0000000084600000, 0x0000000084700000|  0%| F|  |TAMS 0x0000000084600000, 0x0000000084600000| Untracked 
|  31|0x0000000084700000, 0x0000000084700000, 0x0000000084800000|  0%| F|  |TAMS 0x0000000084700000, 0x0000000084700000| Untracked 
|  32|0x0000000084800000, 0x0000000084800000, 0x0000000084900000|  0%| F|  |TAMS 0x0000000084800000, 0x0000000084800000| Untracked 
|  33|0x0000000084900000, 0x0000000084900000, 0x0000000084a00000|  0%| F|  |TAMS 0x0000000084900000, 0x0000000084900000| Untracked 
|  34|0x0000000084a00000, 0x0000000084a00000, 0x0000000084b00000|  0%| F|  |TAMS 0x0000000084a00000, 0x0000000084a00000| Untracked 
|  35|0x0000000084b00000, 0x0000000084b00000, 0x0000000084c00000|  0%| F|  |TAMS 0x0000000084b00000, 0x0000000084b00000| Untracked 
|  36|0x0000000084c00000, 0x0000000084c00000, 0x0000000084d00000|  0%| F|  |TAMS 0x0000000084c00000, 0x0000000084c00000| Untracked 
|  37|0x0000000084d00000, 0x0000000084d00000, 0x0000000084e00000|  0%| F|  |TAMS 0x0000000084d00000, 0x0000000084d00000| Untracked 
|  38|0x0000000084e00000, 0x0000000084e00000, 0x0000000084f00000|  0%| F|  |TAMS 0x0000000084e00000, 0x0000000084e00000| Untracked 
|  39|0x0000000084f00000, 0x0000000084f00000, 0x0000000085000000|  0%| F|  |TAMS 0x0000000084f00000, 0x0000000084f00000| Untracked 
|  40|0x0000000085000000, 0x0000000085000000, 0x0000000085100000|  0%| F|  |TAMS 0x0000000085000000, 0x0000000085000000| Untracked 
|  41|0x0000000085100000, 0x0000000085100000, 0x0000000085200000|  0%| F|  |TAMS 0x0000000085100000, 0x0000000085100000| Untracked 
|  42|0x0000000085200000, 0x0000000085200000, 0x0000000085300000|  0%| F|  |TAMS 0x0000000085200000, 0x0000000085200000| Untracked 
|  43|0x0000000085300000, 0x0000000085300000, 0x0000000085400000|  0%| F|  |TAMS 0x0000000085300000, 0x0000000085300000| Untracked 
|  44|0x0000000085400000, 0x0000000085400000, 0x0000000085500000|  0%| F|  |TAMS 0x0000000085400000, 0x0000000085400000| Untracked 
|  45|0x0000000085500000, 0x0000000085500000, 0x0000000085600000|  0%| F|  |TAMS 0x0000000085500000, 0x0000000085500000| Untracked 
|  46|0x0000000085600000, 0x0000000085600000, 0x0000000085700000|  0%| F|  |TAMS 0x0000000085600000, 0x0000000085600000| Untracked 
|  47|0x0000000085700000, 0x0000000085700000, 0x0000000085800000|  0%| F|  |TAMS 0x0000000085700000, 0x0000000085700000| Untracked 
|  48|0x0000000085800000, 0x0000000085800000, 0x0000000085900000|  0%| F|  |TAMS 0x0000000085800000, 0x0000000085800000| Untracked 
|  49|0x0000000085900000, 0x0000000085900000, 0x0000000085a00000|  0%| F|  |TAMS 0x0000000085900000, 0x0000000085900000| Untracked 
|  50|0x0000000085a00000, 0x0000000085a5cf10, 0x0000000085b00000| 36%| S|CS|TAMS 0x0000000085a00000, 0x0000000085a00000| Complete 
|  51|0x0000000085b00000, 0x0000000085b00000, 0x0000000085c00000|  0%| F|  |TAMS 0x0000000085b00000, 0x0000000085b00000| Untracked 
|  52|0x0000000085c00000, 0x0000000085c00000, 0x0000000085d00000|  0%| F|  |TAMS 0x0000000085c00000, 0x0000000085c00000| Untracked 
|  53|0x0000000085d00000, 0x0000000085d00000, 0x0000000085e00000|  0%| F|  |TAMS 0x0000000085d00000, 0x0000000085d00000| Untracked 
|  54|0x0000000085e00000, 0x0000000085e00000, 0x0000000085f00000|  0%| F|  |TAMS 0x0000000085e00000, 0x0000000085e00000| Untracked 
|  55|0x0000000085f00000, 0x0000000085f00000, 0x0000000086000000|  0%| F|  |TAMS 0x0000000085f00000, 0x0000000085f00000| Untracked 
|  56|0x0000000086000000, 0x0000000086000000, 0x0000000086100000|  0%| F|  |TAMS 0x0000000086000000, 0x0000000086000000| Untracked 
|  57|0x0000000086100000, 0x0000000086100000, 0x0000000086200000|  0%| F|  |TAMS 0x0000000086100000, 0x0000000086100000| Untracked 
|  58|0x0000000086200000, 0x0000000086200000, 0x0000000086300000|  0%| F|  |TAMS 0x0000000086200000, 0x0000000086200000| Untracked 
|  59|0x0000000086300000, 0x0000000086300000, 0x0000000086400000|  0%| F|  |TAMS 0x0000000086300000, 0x0000000086300000| Untracked 
|  60|0x0000000086400000, 0x0000000086400000, 0x0000000086500000|  0%| F|  |TAMS 0x0000000086400000, 0x0000000086400000| Untracked 
|  61|0x0000000086500000, 0x0000000086500000, 0x0000000086600000|  0%| F|  |TAMS 0x0000000086500000, 0x0000000086500000| Untracked 
|  62|0x0000000086600000, 0x0000000086600000, 0x0000000086700000|  0%| F|  |TAMS 0x0000000086600000, 0x0000000086600000| Untracked 
|  63|0x0000000086700000, 0x0000000086700000, 0x0000000086800000|  0%| F|  |TAMS 0x0000000086700000, 0x0000000086700000| Untracked 
|  64|0x0000000086800000, 0x0000000086800000, 0x0000000086900000|  0%| F|  |TAMS 0x0000000086800000, 0x0000000086800000| Untracked 
|  65|0x0000000086900000, 0x0000000086900000, 0x0000000086a00000|  0%| F|  |TAMS 0x0000000086900000, 0x0000000086900000| Untracked 
|  66|0x0000000086a00000, 0x0000000086a00000, 0x0000000086b00000|  0%| F|  |TAMS 0x0000000086a00000, 0x0000000086a00000| Untracked 
|  67|0x0000000086b00000, 0x0000000086b00000, 0x0000000086c00000|  0%| F|  |TAMS 0x0000000086b00000, 0x0000000086b00000| Untracked 
|  68|0x0000000086c00000, 0x0000000086c00000, 0x0000000086d00000|  0%| F|  |TAMS 0x0000000086c00000, 0x0000000086c00000| Untracked 
|  69|0x0000000086d00000, 0x0000000086d00000, 0x0000000086e00000|  0%| F|  |TAMS 0x0000000086d00000, 0x0000000086d00000| Untracked 
|  70|0x0000000086e00000, 0x0000000086e00000, 0x0000000086f00000|  0%| F|  |TAMS 0x0000000086e00000, 0x0000000086e00000| Untracked 
|  71|0x0000000086f00000, 0x0000000086f00000, 0x0000000087000000|  0%| F|  |TAMS 0x0000000086f00000, 0x0000000086f00000| Untracked 
|  72|0x0000000087000000, 0x0000000087000000, 0x0000000087100000|  0%| F|  |TAMS 0x0000000087000000, 0x0000000087000000| Untracked 
|  73|0x0000000087100000, 0x0000000087100000, 0x0000000087200000|  0%| F|  |TAMS 0x0000000087100000, 0x0000000087100000| Untracked 
|  74|0x0000000087200000, 0x0000000087268678, 0x0000000087300000| 40%| E|  |TAMS 0x0000000087200000, 0x0000000087200000| Complete 
|  75|0x0000000087300000, 0x0000000087400000, 0x0000000087400000|100%| E|CS|TAMS 0x0000000087300000, 0x0000000087300000| Complete 
|  76|0x0000000087400000, 0x0000000087500000, 0x0000000087500000|100%| E|CS|TAMS 0x0000000087400000, 0x0000000087400000| Complete 
|  77|0x0000000087500000, 0x0000000087600000, 0x0000000087600000|100%| E|CS|TAMS 0x0000000087500000, 0x0000000087500000| Complete 
|  78|0x0000000087600000, 0x0000000087700000, 0x0000000087700000|100%| E|CS|TAMS 0x0000000087600000, 0x0000000087600000| Complete 
|  79|0x0000000087700000, 0x0000000087800000, 0x0000000087800000|100%| E|CS|TAMS 0x0000000087700000, 0x0000000087700000| Complete 
|  80|0x0000000087800000, 0x0000000087900000, 0x0000000087900000|100%| E|CS|TAMS 0x0000000087800000, 0x0000000087800000| Complete 
|  81|0x0000000087900000, 0x0000000087a00000, 0x0000000087a00000|100%| E|CS|TAMS 0x0000000087900000, 0x0000000087900000| Complete 
|  82|0x0000000087a00000, 0x0000000087b00000, 0x0000000087b00000|100%| E|CS|TAMS 0x0000000087a00000, 0x0000000087a00000| Complete 
|  83|0x0000000087b00000, 0x0000000087c00000, 0x0000000087c00000|100%| E|CS|TAMS 0x0000000087b00000, 0x0000000087b00000| Complete 
|  84|0x0000000087c00000, 0x0000000087d00000, 0x0000000087d00000|100%| E|CS|TAMS 0x0000000087c00000, 0x0000000087c00000| Complete 
|  85|0x0000000087d00000, 0x0000000087e00000, 0x0000000087e00000|100%| E|CS|TAMS 0x0000000087d00000, 0x0000000087d00000| Complete 
|  86|0x0000000087e00000, 0x0000000087f00000, 0x0000000087f00000|100%| E|CS|TAMS 0x0000000087e00000, 0x0000000087e00000| Complete 
|  87|0x0000000087f00000, 0x0000000088000000, 0x0000000088000000|100%| E|CS|TAMS 0x0000000087f00000, 0x0000000087f00000| Complete 
|  88|0x0000000088000000, 0x0000000088100000, 0x0000000088100000|100%| E|CS|TAMS 0x0000000088000000, 0x0000000088000000| Complete 
|  89|0x0000000088100000, 0x0000000088200000, 0x0000000088200000|100%| E|CS|TAMS 0x0000000088100000, 0x0000000088100000| Complete 
|  90|0x0000000088200000, 0x0000000088300000, 0x0000000088300000|100%| E|CS|TAMS 0x0000000088200000, 0x0000000088200000| Complete 
|  91|0x0000000088300000, 0x0000000088400000, 0x0000000088400000|100%| E|CS|TAMS 0x0000000088300000, 0x0000000088300000| Complete 
|  92|0x0000000088400000, 0x0000000088500000, 0x0000000088500000|100%| E|CS|TAMS 0x0000000088400000, 0x0000000088400000| Complete 
|  93|0x0000000088500000, 0x0000000088600000, 0x0000000088600000|100%| E|CS|TAMS 0x0000000088500000, 0x0000000088500000| Complete 
|  94|0x0000000088600000, 0x0000000088700000, 0x0000000088700000|100%| E|CS|TAMS 0x0000000088600000, 0x0000000088600000| Complete 
|  95|0x0000000088700000, 0x0000000088800000, 0x0000000088800000|100%| E|CS|TAMS 0x0000000088700000, 0x0000000088700000| Complete 
|  96|0x0000000088800000, 0x0000000088900000, 0x0000000088900000|100%| E|CS|TAMS 0x0000000088800000, 0x0000000088800000| Complete 
|  97|0x0000000088900000, 0x0000000088a00000, 0x0000000088a00000|100%| E|CS|TAMS 0x0000000088900000, 0x0000000088900000| Complete 
|  98|0x0000000088a00000, 0x0000000088b00000, 0x0000000088b00000|100%| E|CS|TAMS 0x0000000088a00000, 0x0000000088a00000| Complete 
|  99|0x0000000088b00000, 0x0000000088c00000, 0x0000000088c00000|100%| E|CS|TAMS 0x0000000088b00000, 0x0000000088b00000| Complete 
| 100|0x0000000088c00000, 0x0000000088d00000, 0x0000000088d00000|100%| E|  |TAMS 0x0000000088c00000, 0x0000000088c00000| Complete 
| 101|0x0000000088d00000, 0x0000000088e00000, 0x0000000088e00000|100%| E|CS|TAMS 0x0000000088d00000, 0x0000000088d00000| Complete 
| 102|0x0000000088e00000, 0x0000000088f00000, 0x0000000088f00000|100%| E|CS|TAMS 0x0000000088e00000, 0x0000000088e00000| Complete 
| 103|0x0000000088f00000, 0x0000000089000000, 0x0000000089000000|100%| E|CS|TAMS 0x0000000088f00000, 0x0000000088f00000| Complete 
| 104|0x0000000089000000, 0x0000000089100000, 0x0000000089100000|100%| E|CS|TAMS 0x0000000089000000, 0x0000000089000000| Complete 
| 105|0x0000000089100000, 0x0000000089200000, 0x0000000089200000|100%| E|CS|TAMS 0x0000000089100000, 0x0000000089100000| Complete 
| 106|0x0000000089200000, 0x0000000089300000, 0x0000000089300000|100%| E|CS|TAMS 0x0000000089200000, 0x0000000089200000| Complete 
| 107|0x0000000089300000, 0x0000000089400000, 0x0000000089400000|100%| E|CS|TAMS 0x0000000089300000, 0x0000000089300000| Complete 
| 108|0x0000000089400000, 0x0000000089500000, 0x0000000089500000|100%| E|CS|TAMS 0x0000000089400000, 0x0000000089400000| Complete 
| 109|0x0000000089500000, 0x0000000089600000, 0x0000000089600000|100%| E|CS|TAMS 0x0000000089500000, 0x0000000089500000| Complete 
| 110|0x0000000089600000, 0x0000000089700000, 0x0000000089700000|100%| E|CS|TAMS 0x0000000089600000, 0x0000000089600000| Complete 
| 111|0x0000000089700000, 0x0000000089800000, 0x0000000089800000|100%| E|CS|TAMS 0x0000000089700000, 0x0000000089700000| Complete 
| 112|0x0000000089800000, 0x0000000089900000, 0x0000000089900000|100%| E|CS|TAMS 0x0000000089800000, 0x0000000089800000| Complete 
| 113|0x0000000089900000, 0x0000000089a00000, 0x0000000089a00000|100%| E|CS|TAMS 0x0000000089900000, 0x0000000089900000| Complete 
| 114|0x0000000089a00000, 0x0000000089b00000, 0x0000000089b00000|100%| E|CS|TAMS 0x0000000089a00000, 0x0000000089a00000| Complete 
| 115|0x0000000089b00000, 0x0000000089c00000, 0x0000000089c00000|100%| E|CS|TAMS 0x0000000089b00000, 0x0000000089b00000| Complete 
| 116|0x0000000089c00000, 0x0000000089d00000, 0x0000000089d00000|100%| E|CS|TAMS 0x0000000089c00000, 0x0000000089c00000| Complete 
| 117|0x0000000089d00000, 0x0000000089e00000, 0x0000000089e00000|100%| E|CS|TAMS 0x0000000089d00000, 0x0000000089d00000| Complete 
| 118|0x0000000089e00000, 0x0000000089f00000, 0x0000000089f00000|100%| E|CS|TAMS 0x0000000089e00000, 0x0000000089e00000| Complete 
| 119|0x0000000089f00000, 0x000000008a000000, 0x000000008a000000|100%| E|CS|TAMS 0x0000000089f00000, 0x0000000089f00000| Complete 
| 120|0x000000008a000000, 0x000000008a100000, 0x000000008a100000|100%| E|CS|TAMS 0x000000008a000000, 0x000000008a000000| Complete 
| 121|0x000000008a100000, 0x000000008a200000, 0x000000008a200000|100%| E|CS|TAMS 0x000000008a100000, 0x000000008a100000| Complete 
| 122|0x000000008a200000, 0x000000008a300000, 0x000000008a300000|100%| E|CS|TAMS 0x000000008a200000, 0x000000008a200000| Complete 
| 123|0x000000008a300000, 0x000000008a400000, 0x000000008a400000|100%| E|CS|TAMS 0x000000008a300000, 0x000000008a300000| Complete 
| 124|0x000000008a400000, 0x000000008a500000, 0x000000008a500000|100%| E|CS|TAMS 0x000000008a400000, 0x000000008a400000| Complete 
| 125|0x000000008a500000, 0x000000008a600000, 0x000000008a600000|100%| E|CS|TAMS 0x000000008a500000, 0x000000008a500000| Complete 

Card table byte_map: [0x0000018471620000,0x0000018471a10000] _byte_map_base: 0x000001847120c000

Marking Bits (Prev, Next): (CMBitMap*) 0x000001845a7518d0, (CMBitMap*) 0x000001845a751910
 Prev Bits: [0x0000018471e00000, 0x0000018473d60000)
 Next Bits: [0x0000018473d60000, 0x0000018475cc0000)

Polling page: 0x00000184586e0000

Metaspace:

Usage:
  Non-class:     11.21 MB used.
      Class:      1.62 MB used.
       Both:     12.83 MB used.

Virtual space:
  Non-class space:       16.00 MB reserved,      11.38 MB ( 71%) committed,  2 nodes.
      Class space:        1.00 GB reserved,       1.81 MB ( <1%) committed,  1 nodes.
             Both:        1.02 GB reserved,      13.19 MB (  1%) committed. 

Chunk freelists:
   Non-Class:  399.00 KB
       Class:  2.10 MB
        Both:  2.49 MB

MaxMetaspaceSize: unlimited
CompressedClassSpaceSize: 1.00 GB
Initial GC threshold: 21.00 MB
Current GC threshold: 21.00 MB
CDS: on
MetaspaceReclaimPolicy: balanced
 - commit_granule_bytes: 65536.
 - commit_granule_words: 8192.
 - virtual_space_node_default_size: 1048576.
 - enlarge_chunks_in_place: 1.
 - new_chunks_are_fully_committed: 0.
 - uncommit_free_chunks: 1.
 - use_allocation_guard: 0.
 - handle_deallocations: 1.


Internal statistics:

num_allocs_failed_limit: 0.
num_arena_births: 408.
num_arena_deaths: 0.
num_vsnodes_births: 3.
num_vsnodes_deaths: 0.
num_space_committed: 211.
num_space_uncommitted: 0.
num_chunks_returned_to_freelist: 0.
num_chunks_taken_from_freelist: 771.
num_chunk_merges: 0.
num_chunk_splits: 462.
num_chunks_enlarged: 291.
num_purges: 0.
num_inconsistent_stats: 0.

CodeHeap 'non-profiled nmethods': size=120000Kb used=658Kb max_used=658Kb free=119341Kb
 bounds [0x00000184699d0000, 0x0000018469c40000, 0x0000018470f00000]
CodeHeap 'profiled nmethods': size=120000Kb used=3877Kb max_used=3877Kb free=116122Kb
 bounds [0x00000184624a0000, 0x0000018462870000, 0x00000184699d0000]
CodeHeap 'non-nmethods': size=5760Kb used=1185Kb max_used=1222Kb free=4574Kb
 bounds [0x0000018461f00000, 0x0000018462170000, 0x00000184624a0000]
 total_blobs=2500 nmethods=2021 adapters=391
 compilation: enabled
              stopped_count=0, restarted_count=0
 full_count=0

Compilation events (20 events):
Event: 1.305 Thread 0x00000184787011a0 1974       3       java.lang.module.ModuleDescriptor$1::newExports (14 bytes)
Event: 1.305 Thread 0x00000184787011a0 nmethod 1974 0x0000018462849610 code [0x00000184628497c0, 0x0000018462849b58]
Event: 1.305 Thread 0x00000184787011a0 1975       3       java.util.ImmutableCollections$SetN::<init> (90 bytes)
Event: 1.306 Thread 0x00000184787011a0 nmethod 1975 0x0000018462849c90 code [0x0000018462849f40, 0x000001846284ad18]
Event: 1.306 Thread 0x00000184787011a0 1977       3       java.util.ImmutableCollections$Set12::hashCode (30 bytes)
Event: 1.306 Thread 0x00000184787011a0 nmethod 1977 0x000001846284b190 code [0x000001846284b340, 0x000001846284b658]
Event: 1.306 Thread 0x00000184787011a0 1976       3       java.lang.module.ModuleDescriptor$Exports::equals (60 bytes)
Event: 1.307 Thread 0x00000184787011a0 nmethod 1976 0x000001846284b790 code [0x000001846284b9a0, 0x000001846284c328]
Event: 1.307 Thread 0x00000184787011a0 1979       3       java.net.URI::hash (33 bytes)
Event: 1.308 Thread 0x00000184787011a0 nmethod 1979 0x000001846284c510 code [0x000001846284c700, 0x000001846284cb98]
Event: 1.308 Thread 0x00000184787011a0 1980       3       java.net.URI::toLower (19 bytes)
Event: 1.308 Thread 0x00000184787011a0 nmethod 1980 0x000001846284cd90 code [0x000001846284cf20, 0x000001846284d0b8]
Event: 1.308 Thread 0x00000184787011a0 1982       3       java.lang.invoke.InnerClassLambdaMetafactory::lambdaClassName (57 bytes)
Event: 1.308 Thread 0x00000184787011a0 nmethod 1982 0x000001846284d190 code [0x000001846284d420, 0x000001846284dc48]
Event: 1.309 Thread 0x00000184787011a0 1981       3       java.lang.invoke.LambdaMetafactory::metafactory (71 bytes)
Event: 1.309 Thread 0x00000184787011a0 nmethod 1981 0x000001846284df90 code [0x000001846284e220, 0x000001846284ed68]
Event: 1.310 Thread 0x00000184787011a0 1984       3       java.util.regex.Pattern::isSupplementary (21 bytes)
Event: 1.310 Thread 0x00000184787011a0 nmethod 1984 0x000001846284f290 code [0x000001846284f440, 0x000001846284f6b8]
Event: 1.310 Thread 0x00000184787011a0 1985       3       java.lang.Character::isSurrogate (18 bytes)
Event: 1.310 Thread 0x00000184787011a0 nmethod 1985 0x000001846284f790 code [0x000001846284f920, 0x000001846284fab8]

GC Heap History (6 events):
Event: 0.716 GC heap before
{Heap before GC invocations=0 (full 0):
 garbage-first heap   total 129024K, used 25600K [0x0000000082800000, 0x0000000100000000)
  region size 1024K, 23 young (23552K), 0 survivors (0K)
 Metaspace       used 7594K, committed 7808K, reserved 1056768K
  class space    used 866K, committed 960K, reserved 1048576K
}
Event: 0.724 GC heap after
{Heap after GC invocations=1 (full 0):
 garbage-first heap   total 129024K, used 8885K [0x0000000082800000, 0x0000000100000000)
  region size 1024K, 3 young (3072K), 3 survivors (3072K)
 Metaspace       used 7594K, committed 7808K, reserved 1056768K
  class space    used 866K, committed 960K, reserved 1048576K
}
Event: 0.753 GC heap before
{Heap before GC invocations=1 (full 0):
 garbage-first heap   total 129024K, used 35509K [0x0000000082800000, 0x0000000100000000)
  region size 1024K, 30 young (30720K), 3 survivors (3072K)
 Metaspace       used 7652K, committed 7936K, reserved 1056768K
  class space    used 872K, committed 1024K, reserved 1048576K
}
Event: 0.756 GC heap after
{Heap after GC invocations=2 (full 0):
 garbage-first heap   total 129024K, used 9566K [0x0000000082800000, 0x0000000100000000)
  region size 1024K, 1 young (1024K), 1 survivors (1024K)
 Metaspace       used 7652K, committed 7936K, reserved 1056768K
  class space    used 872K, committed 1024K, reserved 1048576K
}
Event: 0.779 GC heap before
{Heap before GC invocations=2 (full 0):
 garbage-first heap   total 129024K, used 84318K [0x0000000082800000, 0x0000000100000000)
  region size 1024K, 75 young (76800K), 1 survivors (1024K)
 Metaspace       used 7799K, committed 8000K, reserved 1056768K
  class space    used 892K, committed 1024K, reserved 1048576K
}
Event: 0.780 GC heap after
{Heap after GC invocations=3 (full 0):
 garbage-first heap   total 129024K, used 9485K [0x0000000082800000, 0x0000000100000000)
  region size 1024K, 1 young (1024K), 1 survivors (1024K)
 Metaspace       used 7799K, committed 8000K, reserved 1056768K
  class space    used 892K, committed 1024K, reserved 1048576K
}

Deoptimization events (20 events):
Event: 0.800 Thread 0x0000018479bf6050 DEOPT PACKING pc=0x0000018469a1d43c sp=0x0000004a946fe4c0
Event: 0.800 Thread 0x0000018479bf6050 DEOPT UNPACKING pc=0x0000018461f523a3 sp=0x0000004a946fe460 mode 2
Event: 0.859 Thread 0x0000018479bf6050 Uncommon trap: trap_request=0xffffffde fr.pc=0x0000018469a524c8 relative=0x0000000000000128
Event: 0.859 Thread 0x0000018479bf6050 Uncommon trap: reason=class_check action=maybe_recompile pc=0x0000018469a524c8 method=jdk.internal.misc.Unsafe.allocateUninitializedArray(Ljava/lang/Class;I)Ljava/lang/Object; @ 51 c2
Event: 0.859 Thread 0x0000018479bf6050 DEOPT PACKING pc=0x0000018469a524c8 sp=0x0000004a946fd3b0
Event: 0.859 Thread 0x0000018479bf6050 DEOPT UNPACKING pc=0x0000018461f523a3 sp=0x0000004a946fd338 mode 2
Event: 0.859 Thread 0x0000018479bf6050 Uncommon trap: trap_request=0xffffffde fr.pc=0x0000018469a524c8 relative=0x0000000000000128
Event: 0.859 Thread 0x0000018479bf6050 Uncommon trap: reason=class_check action=maybe_recompile pc=0x0000018469a524c8 method=jdk.internal.misc.Unsafe.allocateUninitializedArray(Ljava/lang/Class;I)Ljava/lang/Object; @ 51 c2
Event: 0.859 Thread 0x0000018479bf6050 DEOPT PACKING pc=0x0000018469a524c8 sp=0x0000004a946fd450
Event: 0.859 Thread 0x0000018479bf6050 DEOPT UNPACKING pc=0x0000018461f523a3 sp=0x0000004a946fd3d8 mode 2
Event: 0.860 Thread 0x0000018479bf6050 Uncommon trap: trap_request=0xffffffde fr.pc=0x0000018469a524c8 relative=0x0000000000000128
Event: 0.860 Thread 0x0000018479bf6050 Uncommon trap: reason=class_check action=maybe_recompile pc=0x0000018469a524c8 method=jdk.internal.misc.Unsafe.allocateUninitializedArray(Ljava/lang/Class;I)Ljava/lang/Object; @ 51 c2
Event: 0.860 Thread 0x0000018479bf6050 DEOPT PACKING pc=0x0000018469a524c8 sp=0x0000004a946fd2a0
Event: 0.860 Thread 0x0000018479bf6050 DEOPT UNPACKING pc=0x0000018461f523a3 sp=0x0000004a946fd228 mode 2
Event: 0.860 Thread 0x0000018479bf6050 Uncommon trap: trap_request=0xffffffde fr.pc=0x0000018469a524c8 relative=0x0000000000000128
Event: 0.860 Thread 0x0000018479bf6050 Uncommon trap: reason=class_check action=maybe_recompile pc=0x0000018469a524c8 method=jdk.internal.misc.Unsafe.allocateUninitializedArray(Ljava/lang/Class;I)Ljava/lang/Object; @ 51 c2
Event: 0.860 Thread 0x0000018479bf6050 DEOPT PACKING pc=0x0000018469a524c8 sp=0x0000004a946fd340
Event: 0.860 Thread 0x0000018479bf6050 DEOPT UNPACKING pc=0x0000018461f523a3 sp=0x0000004a946fd2c8 mode 2
Event: 0.896 Thread 0x0000018479bf6050 DEOPT PACKING pc=0x00000184625502b8 sp=0x0000004a946fd680
Event: 0.896 Thread 0x0000018479bf6050 DEOPT UNPACKING pc=0x0000018461f52b43 sp=0x0000004a946fcb98 mode 0

Classes unloaded (0 events):
No events

Classes redefined (0 events):
No events

Internal exceptions (20 events):
Event: 1.087 Thread 0x0000018479bf6050 Exception <a 'java/lang/NoSuchMethodError'{0x0000000087b133b0}: 'void java.lang.invoke.DelegatingMethodHandle$Holder.delegate(java.lang.Object, java.lang.Object, int, java.lang.Object)'> (0x0000000087b133b0) 
thrown [t:\workspace\open\src\hotspot\share\interpreter\linkResolver.cpp, line 766]
Event: 1.090 Thread 0x0000018479bf6050 Exception <a 'java/lang/NoSuchMethodError'{0x0000000087b33af8}: 'int java.lang.invoke.DirectMethodHandle$Holder.invokeVirtual(java.lang.Object, java.lang.Object, java.lang.Object)'> (0x0000000087b33af8) 
thrown [t:\workspace\open\src\hotspot\share\interpreter\linkResolver.cpp, line 766]
Event: 1.091 Thread 0x0000018479bf6050 Exception <a 'java/lang/NoSuchMethodError'{0x0000000087b38258}: 'int java.lang.invoke.DirectMethodHandle$Holder.invokeStaticInit(java.lang.Object, int, int)'> (0x0000000087b38258) 
thrown [t:\workspace\open\src\hotspot\share\interpreter\linkResolver.cpp, line 766]
Event: 1.092 Thread 0x0000018479bf6050 Exception <a 'java/lang/NoSuchMethodError'{0x0000000087b3fcf0}: 'int java.lang.invoke.DirectMethodHandle$Holder.invokeStaticInit(java.lang.Object, long, long)'> (0x0000000087b3fcf0) 
thrown [t:\workspace\open\src\hotspot\share\interpreter\linkResolver.cpp, line 766]
Event: 1.092 Thread 0x0000018479bf6050 Exception <a 'java/lang/NoSuchMethodError'{0x0000000087b46de8}: 'int java.lang.invoke.DirectMethodHandle$Holder.invokeStaticInit(java.lang.Object, float, float)'> (0x0000000087b46de8) 
thrown [t:\workspace\open\src\hotspot\share\interpreter\linkResolver.cpp, line 766]
Event: 1.093 Thread 0x0000018479bf6050 Exception <a 'java/lang/NoSuchMethodError'{0x0000000087b4dee8}: 'int java.lang.invoke.DirectMethodHandle$Holder.invokeStaticInit(java.lang.Object, double, double)'> (0x0000000087b4dee8) 
thrown [t:\workspace\open\src\hotspot\share\interpreter\linkResolver.cpp, line 766]
Event: 1.094 Thread 0x0000018479bf6050 Exception <a 'java/lang/NoSuchMethodError'{0x0000000087b52680}: 'int java.lang.invoke.DirectMethodHandle$Holder.invokeStatic(java.lang.Object, long)'> (0x0000000087b52680) 
thrown [t:\workspace\open\src\hotspot\share\interpreter\linkResolver.cpp, line 766]
Event: 1.097 Thread 0x0000018479bf6050 Exception <a 'java/lang/NoSuchMethodError'{0x0000000087b76f50}: 'int java.lang.invoke.Invokers$Holder.linkToTargetMethod(java.lang.Object, java.lang.Object)'> (0x0000000087b76f50) 
thrown [t:\workspace\open\src\hotspot\share\interpreter\linkResolver.cpp, line 766]
Event: 1.112 Thread 0x0000018479bf6050 Exception <a 'java/lang/NoSuchMethodError'{0x0000000087bf8198}: 'java.lang.Object java.lang.invoke.DirectMethodHandle$Holder.invokeSpecial(java.lang.Object, java.lang.Object, java.lang.Object, int, java.lang.Object)'> (0x0000000087bf8198) 
thrown [t:\workspace\open\src\hotspot\share\interpreter\linkResolver.cpp, line 766]
Event: 1.113 Thread 0x0000018479bf6050 Exception <a 'java/lang/NoSuchMethodError'{0x0000000087a00b98}: 'java.lang.Object java.lang.invoke.DirectMethodHandle$Holder.newInvokeSpecial(java.lang.Object, java.lang.Object, java.lang.Object, int, java.lang.Object)'> (0x0000000087a00b98) 
thrown [t:\workspace\open\src\hotspot\share\interpreter\linkResolver.cpp, line 766]
Event: 1.114 Thread 0x0000018479bf6050 Exception <a 'java/lang/NoSuchMethodError'{0x0000000087a08568}: 'java.lang.Object java.lang.invoke.Invokers$Holder.linkToTargetMethod(java.lang.Object, java.lang.Object, int, java.lang.Object, java.lang.Object)'> (0x0000000087a08568) 
thrown [t:\workspace\open\src\hotspot\share\interpreter\linkResolver.cpp, line 766]
Event: 1.115 Thread 0x0000018479bf6050 Exception <a 'java/lang/NoSuchMethodError'{0x0000000087a18030}: 'java.lang.Object java.lang.invoke.DirectMethodHandle$Holder.newInvokeSpecial(java.lang.Object, int, java.lang.Object)'> (0x0000000087a18030) 
thrown [t:\workspace\open\src\hotspot\share\interpreter\linkResolver.cpp, line 766]
Event: 1.115 Thread 0x0000018479bf6050 Exception <a 'java/lang/NoSuchMethodError'{0x0000000087a1c090}: 'int java.lang.invoke.DirectMethodHandle$Holder.invokeSpecialIFC(java.lang.Object, java.lang.Object, java.lang.Object, java.lang.Object)'> (0x0000000087a1c090) 
thrown [t:\workspace\open\src\hotspot\share\interpreter\linkResolver.cpp, line 766]
Event: 1.140 Thread 0x0000018479bf6050 Exception <a 'java/lang/NoSuchMethodError'{0x0000000087ac91a8}: 'void java.lang.invoke.DirectMethodHandle$Holder.invokeInterface(java.lang.Object, java.lang.Object, java.lang.Object)'> (0x0000000087ac91a8) 
thrown [t:\workspace\open\src\hotspot\share\interpreter\linkResolver.cpp, line 766]
Event: 1.166 Thread 0x0000018479bf6050 Exception <a 'java/lang/NoSuchMethodError'{0x0000000087972328}: 'void java.lang.invoke.DirectMethodHandle$Holder.invokeStaticInit(java.lang.Object, java.lang.Object, java.lang.Object)'> (0x0000000087972328) 
thrown [t:\workspace\open\src\hotspot\share\interpreter\linkResolver.cpp, line 766]
Event: 1.172 Thread 0x0000018479bf6050 Exception <a 'java/lang/NoSuchMethodError'{0x00000000879bcb38}: 'java.lang.Object java.lang.invoke.DirectMethodHandle$Holder.invokeVirtual(java.lang.Object, java.lang.Object, java.lang.Object)'> (0x00000000879bcb38) 
thrown [t:\workspace\open\src\hotspot\share\interpreter\linkResolver.cpp, line 766]
Event: 1.195 Thread 0x0000018479bf6050 Exception <a 'java/lang/NoSuchMethodError'{0x00000000878740e0}: 'java.lang.Object java.lang.invoke.DirectMethodHandle$Holder.newInvokeSpecial(java.lang.Object, long)'> (0x00000000878740e0) 
thrown [t:\workspace\open\src\hotspot\share\interpreter\linkResolver.cpp, line 766]
Event: 1.196 Thread 0x0000018479bf6050 Exception <a 'java/lang/NoSuchMethodError'{0x000000008787b6e8}: 'void java.lang.invoke.DirectMethodHandle$Holder.invokeVirtual(java.lang.Object, java.lang.Object, java.lang.Object, java.lang.Object)'> (0x000000008787b6e8) 
thrown [t:\workspace\open\src\hotspot\share\interpreter\linkResolver.cpp, line 766]
Event: 1.216 Thread 0x0000018479bf6050 Exception <a 'java/lang/NoSuchMethodError'{0x000000008772e3d8}: 'java.lang.Object java.lang.invoke.DirectMethodHandle$Holder.invokeSpecial(java.lang.Object, java.lang.Object, long, java.lang.Object, java.lang.Object, java.lang.Object, java.lang.Object, java.lang.Object, java.lang.Object)'> (0x000000008772e3d8) 
thrown [t:\workspace\open\src\hotspot\share\interpreter\linkResolver.cpp, line 766]
Event: 1.216 Thread 0x0000018479bf6050 Exception <a 'java/lang/NoSuchMethodError'{0x0000000087732c58}: 'java.lang.Object java.lang.invoke.DelegatingMethodHandle$Holder.reinvoke_L(java.lang.Object, long, java.lang.Object, java.lang.Object, java.lang.Object, java.lang.Object, java.lang.Object, java.lang.Object)'> (0x0000000087732c58) 
thrown [t:\workspace\open\src\hotspot\share\interpreter\linkResolver.cpp, line 766]

VM Operations (20 events):
Event: 0.716 Executing VM operation: ICBufferFull
Event: 0.716 Executing VM operation: ICBufferFull done
Event: 0.716 Executing VM operation: G1CollectForAllocation
Event: 0.724 Executing VM operation: G1CollectForAllocation done
Event: 0.753 Executing VM operation: G1CollectForAllocation
Event: 0.756 Executing VM operation: G1CollectForAllocation done
Event: 0.779 Executing VM operation: G1CollectForAllocation
Event: 0.780 Executing VM operation: G1CollectForAllocation done
Event: 0.806 Executing VM operation: HandshakeAllThreads
Event: 0.806 Executing VM operation: HandshakeAllThreads done
Event: 0.873 Executing VM operation: HandshakeAllThreads
Event: 0.873 Executing VM operation: HandshakeAllThreads done
Event: 1.141 Executing VM operation: ICBufferFull
Event: 1.141 Executing VM operation: ICBufferFull done
Event: 1.282 Executing VM operation: HandshakeAllThreads
Event: 1.283 Executing VM operation: HandshakeAllThreads done
Event: 1.286 Executing VM operation: HandshakeAllThreads
Event: 1.286 Executing VM operation: HandshakeAllThreads done
Event: 1.286 Executing VM operation: HandshakeAllThreads
Event: 1.286 Executing VM operation: HandshakeAllThreads done

Events (20 events):
Event: 1.170 loading class jdk/internal/access/JavaIOAccess done
Event: 1.170 loading class java/io/Console$2 done
Event: 1.176 loading class java/util/concurrent/ConcurrentLinkedDeque$Itr
Event: 1.176 loading class java/util/concurrent/ConcurrentLinkedDeque$AbstractItr
Event: 1.176 loading class java/util/concurrent/ConcurrentLinkedDeque$AbstractItr done
Event: 1.176 loading class java/util/concurrent/ConcurrentLinkedDeque$Itr done
Event: 1.191 loading class java/util/concurrent/Executors$DefaultThreadFactory
Event: 1.192 loading class java/util/concurrent/Executors$DefaultThreadFactory done
Event: 1.206 loading class java/util/Collections$UnmodifiableMap$UnmodifiableEntrySet$UnmodifiableEntrySetSpliterator
Event: 1.206 loading class java/util/Collections$UnmodifiableMap$UnmodifiableEntrySet$UnmodifiableEntrySetSpliterator done
Event: 1.229 loading class java/util/Stack
Event: 1.229 loading class java/util/Stack done
Event: 1.230 loading class java/util/Vector$Itr
Event: 1.230 loading class java/util/Vector$Itr done
Event: 1.296 loading class org/xml/sax/InputSource
Event: 1.297 loading class org/xml/sax/InputSource done
Event: 1.299 loading class java/nio/file/FileSystemNotFoundException
Event: 1.299 loading class java/nio/file/FileSystemNotFoundException done
Event: 1.304 loading class java/util/zip/ZipException
Event: 1.304 loading class java/util/zip/ZipException done


Dynamic libraries:
0x00007ff639a30000 - 0x00007ff639a40000 	C:\Program Files\Java\jdk-17.0.1\bin\java.exe
0x00007ffe1fa30000 - 0x00007ffe1fc47000 	C:\WINDOWS\SYSTEM32\ntdll.dll
0x00007ffe1f3c0000 - 0x00007ffe1f484000 	C:\WINDOWS\System32\KERNEL32.DLL
0x00007ffe1cda0000 - 0x00007ffe1d172000 	C:\WINDOWS\System32\KERNELBASE.dll
0x00007ffe1cc80000 - 0x00007ffe1cd91000 	C:\WINDOWS\System32\ucrtbase.dll
0x00007ffe17580000 - 0x00007ffe1759a000 	C:\Program Files\Java\jdk-17.0.1\bin\VCRUNTIME140.dll
0x00007ffe18a30000 - 0x00007ffe18a48000 	C:\Program Files\Java\jdk-17.0.1\bin\jli.dll
0x00007ffe1e220000 - 0x00007ffe1e2d1000 	C:\WINDOWS\System32\ADVAPI32.dll
0x00007ffe1ed80000 - 0x00007ffe1ee27000 	C:\WINDOWS\System32\msvcrt.dll
0x00007ffe1d8c0000 - 0x00007ffe1d968000 	C:\WINDOWS\System32\sechost.dll
0x00007ffe1d180000 - 0x00007ffe1d1a8000 	C:\WINDOWS\System32\bcrypt.dll
0x00007ffe1f850000 - 0x00007ffe1f964000 	C:\WINDOWS\System32\RPCRT4.dll
0x00007ffe1f070000 - 0x00007ffe1f221000 	C:\WINDOWS\System32\USER32.dll
0x00007ffe1cc50000 - 0x00007ffe1cc76000 	C:\WINDOWS\System32\win32u.dll
0x00007ffe09a50000 - 0x00007ffe09ceb000 	C:\WINDOWS\WinSxS\amd64_microsoft.windows.common-controls_6595b64144ccf1df_6.0.22621.5547_none_27104afb73855772\COMCTL32.dll
0x00007ffe1e1f0000 - 0x00007ffe1e219000 	C:\WINDOWS\System32\GDI32.dll
0x00007ffe1cb20000 - 0x00007ffe1cc43000 	C:\WINDOWS\System32\gdi32full.dll
0x00007ffe1d270000 - 0x00007ffe1d30a000 	C:\WINDOWS\System32\msvcp_win.dll
0x00007ffe14cd0000 - 0x00007ffe14cda000 	C:\WINDOWS\SYSTEM32\VERSION.dll
0x00007ffe1f5f0000 - 0x00007ffe1f621000 	C:\WINDOWS\System32\IMM32.DLL
0x00007ffe18a10000 - 0x00007ffe18a1c000 	C:\Program Files\Java\jdk-17.0.1\bin\vcruntime140_1.dll
0x00007ffdec9d0000 - 0x00007ffdeca5d000 	C:\Program Files\Java\jdk-17.0.1\bin\msvcp140.dll
0x00007ffdac270000 - 0x00007ffdace2e000 	C:\Program Files\Java\jdk-17.0.1\bin\server\jvm.dll
0x00007ffe1d6e0000 - 0x00007ffe1d6e8000 	C:\WINDOWS\System32\PSAPI.DLL
0x00007ffe177a0000 - 0x00007ffe177d4000 	C:\WINDOWS\SYSTEM32\WINMM.dll
0x00007ffdfd870000 - 0x00007ffdfd879000 	C:\WINDOWS\SYSTEM32\WSOCK32.dll
0x00007ffe1f970000 - 0x00007ffe1f9e1000 	C:\WINDOWS\System32\WS2_32.dll
0x00007ffe1bba0000 - 0x00007ffe1bbb8000 	C:\WINDOWS\SYSTEM32\kernel.appcore.dll
0x00007ffe189d0000 - 0x00007ffe189da000 	C:\Program Files\Java\jdk-17.0.1\bin\jimage.dll
0x00007ffe14e00000 - 0x00007ffe15033000 	C:\WINDOWS\SYSTEM32\DBGHELP.DLL
0x00007ffe1de50000 - 0x00007ffe1e1e3000 	C:\WINDOWS\System32\combase.dll
0x00007ffe1f230000 - 0x00007ffe1f307000 	C:\WINDOWS\System32\OLEAUT32.dll
0x00007ffe14d10000 - 0x00007ffe14d42000 	C:\WINDOWS\SYSTEM32\dbgcore.DLL
0x00007ffe1d480000 - 0x00007ffe1d4fb000 	C:\WINDOWS\System32\bcryptPrimitives.dll
0x00007ffe188a0000 - 0x00007ffe188ae000 	C:\Program Files\Java\jdk-17.0.1\bin\instrument.dll
0x00007ffe13c10000 - 0x00007ffe13c35000 	C:\Program Files\Java\jdk-17.0.1\bin\java.dll
0x00007ffde2190000 - 0x00007ffde2266000 	C:\Program Files\Java\jdk-17.0.1\bin\svml.dll
0x00007ffe1e440000 - 0x00007ffe1ece2000 	C:\WINDOWS\System32\SHELL32.dll
0x00007ffe1d580000 - 0x00007ffe1d6bf000 	C:\WINDOWS\System32\wintypes.dll
0x00007ffe1aa10000 - 0x00007ffe1b32d000 	C:\WINDOWS\SYSTEM32\windows.storage.dll
0x00007ffe1f740000 - 0x00007ffe1f84c000 	C:\WINDOWS\System32\SHCORE.dll
0x00007ffe1ee40000 - 0x00007ffe1eea9000 	C:\WINDOWS\System32\shlwapi.dll
0x00007ffe1ca50000 - 0x00007ffe1ca7b000 	C:\WINDOWS\SYSTEM32\profapi.dll
0x00007ffe13bd0000 - 0x00007ffe13be8000 	C:\Program Files\Java\jdk-17.0.1\bin\zip.dll
0x00007ffe148a0000 - 0x00007ffe148b9000 	C:\Program Files\Java\jdk-17.0.1\bin\net.dll
0x00007ffe15940000 - 0x00007ffe15a6c000 	C:\WINDOWS\SYSTEM32\WINHTTP.dll
0x00007ffe1c080000 - 0x00007ffe1c0e9000 	C:\WINDOWS\system32\mswsock.dll
0x00007ffe14870000 - 0x00007ffe14885000 	C:\Program Files\Java\jdk-17.0.1\bin\nio.dll
0x00007ffe1b670000 - 0x00007ffe1b768000 	C:\WINDOWS\SYSTEM32\DNSAPI.dll
0x00007ffe1b600000 - 0x00007ffe1b62d000 	C:\WINDOWS\SYSTEM32\IPHLPAPI.DLL
0x00007ffe1ecf0000 - 0x00007ffe1ecf9000 	C:\WINDOWS\System32\NSI.dll
0x00007ffe121a0000 - 0x00007ffe121aa000 	C:\Windows\System32\rasadhlp.dll
0x00007ffe14b90000 - 0x00007ffe14c14000 	C:\WINDOWS\System32\fwpuclnt.dll
0x00007ffe16930000 - 0x00007ffe16939000 	C:\Program Files\Java\jdk-17.0.1\bin\management.dll
0x00007ffe14850000 - 0x00007ffe1485b000 	C:\Program Files\Java\jdk-17.0.1\bin\management_ext.dll
0x00007ffe1c2a0000 - 0x00007ffe1c2bb000 	C:\WINDOWS\SYSTEM32\CRYPTSP.dll
0x00007ffe1bb60000 - 0x00007ffe1bb97000 	C:\WINDOWS\system32\rsaenh.dll
0x00007ffe1c120000 - 0x00007ffe1c148000 	C:\WINDOWS\SYSTEM32\USERENV.dll
0x00007ffe1c2c0000 - 0x00007ffe1c2cc000 	C:\WINDOWS\SYSTEM32\CRYPTBASE.dll
0x00007ffe16940000 - 0x00007ffe16959000 	C:\WINDOWS\SYSTEM32\dhcpcsvc6.DLL
0x00007ffe15730000 - 0x00007ffe1574f000 	C:\WINDOWS\SYSTEM32\dhcpcsvc.DLL
0x00007ffdf7c60000 - 0x00007ffdf7c77000 	C:\WINDOWS\system32\napinsp.dll
0x00007ffdf7bc0000 - 0x00007ffdf7bdb000 	C:\WINDOWS\system32\pnrpnsp.dll
0x00007ffdf74c0000 - 0x00007ffdf74d1000 	C:\WINDOWS\System32\winrnr.dll
0x00007ffe17e80000 - 0x00007ffe17e9f000 	C:\WINDOWS\system32\wshbth.dll
0x00007ffdf7490000 - 0x00007ffdf74b1000 	C:\WINDOWS\system32\nlansp_c.dll
0x00007ffdf9920000 - 0x00007ffdf9970000 	C:\WINDOWS\SYSTEM32\pdh.dll

dbghelp: loaded successfully - version: 4.0.5 - missing functions: none
symbol engine: initialized successfully - sym options: 0x614 - pdb path: .;C:\Program Files\Java\jdk-17.0.1\bin;C:\WINDOWS\SYSTEM32;C:\WINDOWS\WinSxS\amd64_microsoft.windows.common-controls_6595b64144ccf1df_6.0.22621.5547_none_27104afb73855772;C:\Program Files\Java\jdk-17.0.1\bin\server

VM Arguments:
jvm_args: -javaagent:C:\Program Files\JetBrains\IntelliJ IDEA Community Edition 2025.2.1\lib\idea_rt.jar=59618 -Dfile.encoding=UTF-8 
java_command: com.security.security.SecurityApplication
java_class_path (initial): D:\Documents\micro_backend\security2\security\target\classes;C:\Users\rober\.m2\repository\org\springframework\boot\spring-boot-starter-security\3.5.5\spring-boot-starter-security-3.5.5.jar;C:\Users\rober\.m2\repository\org\springframework\boot\spring-boot-starter\3.5.5\spring-boot-starter-3.5.5.jar;C:\Users\rober\.m2\repository\org\springframework\boot\spring-boot-starter-logging\3.5.5\spring-boot-starter-logging-3.5.5.jar;C:\Users\rober\.m2\repository\ch\qos\logback\logback-classic\1.5.18\logback-classic-1.5.18.jar;C:\Users\rober\.m2\repository\ch\qos\logback\logback-core\1.5.18\logback-core-1.5.18.jar;C:\Users\rober\.m2\repository\org\apache\logging\log4j\log4j-to-slf4j\2.24.3\log4j-to-slf4j-2.24.3.jar;C:\Users\rober\.m2\repository\org\apache\logging\log4j\log4j-api\2.24.3\log4j-api-2.24.3.jar;C:\Users\rober\.m2\repository\org\slf4j\jul-to-slf4j\2.0.17\jul-to-slf4j-2.0.17.jar;C:\Users\rober\.m2\repository\jakarta\annotation\jakarta.annotation-api\2.1.1\jakarta.annotation-api-2.1.1.jar;C:\Users\rober\.m2\repository\org\yaml\snakeyaml\2.4\snakeyaml-2.4.jar;C:\Users\rober\.m2\repository\org\springframework\spring-aop\6.2.10\spring-aop-6.2.10.jar;C:\Users\rober\.m2\repository\org\springframework\security\spring-security-config\6.5.3\spring-security-config-6.5.3.jar;C:\Users\rober\.m2\repository\org\springframework\security\spring-security-web\6.5.3\spring-security-web-6.5.3.jar;C:\Users\rober\.m2\repository\org\springframework\boot\spring-boot-starter-data-jdbc\3.5.5\spring-boot-starter-data-jdbc-3.5.5.jar;C:\Users\rober\.m2\repository\org\springframework\data\spring-data-jdbc\3.5.3\spring-data-jdbc-3.5.3.jar;C:\Users\rober\.m2\repository\org\springframework\data\spring-data-relational\3.5.3\spring-data-relational-3.5.3.jar;C:\Users\rober\.m2\repository\org\springframework\data\spring-data-commons\3.5.3\spring-data-commons-3.5.3.jar;C:\Users\rober\.m2\repository\org\springframework\spring-tx\6.2.10\spring-tx-6.2.10.jar;C:\Users\rober\.m2\
Launcher Type: SUN_STANDARD

[Global flags]
     intx CICompilerCount                          = 4                                         {product} {ergonomic}
     uint ConcGCThreads                            = 2                                         {product} {ergonomic}
     uint G1ConcRefinementThreads                  = 8                                         {product} {ergonomic}
   size_t G1HeapRegionSize                         = 1048576                                   {product} {ergonomic}
    uintx GCDrainStackTargetSize                   = 64                                        {product} {ergonomic}
   size_t InitialHeapSize                          = 132120576                                 {product} {ergonomic}
   size_t MarkStackSize                            = 4194304                                   {product} {ergonomic}
   size_t MaxHeapSize                              = 2105540608                                {product} {ergonomic}
   size_t MaxNewSize                               = 1262485504                                {product} {ergonomic}
   size_t MinHeapDeltaBytes                        = 1048576                                   {product} {ergonomic}
   size_t MinHeapSize                              = 8388608                                   {product} {ergonomic}
    uintx NonNMethodCodeHeapSize                   = 5839372                                {pd product} {ergonomic}
    uintx NonProfiledCodeHeapSize                  = 122909434                              {pd product} {ergonomic}
    uintx ProfiledCodeHeapSize                     = 122909434                              {pd product} {ergonomic}
    uintx ReservedCodeCacheSize                    = 251658240                              {pd product} {ergonomic}
     bool SegmentedCodeCache                       = true                                      {product} {ergonomic}
   size_t SoftMaxHeapSize                          = 2105540608                             {manageable} {ergonomic}
     bool UseCompressedClassPointers               = true                           {product lp64_product} {ergonomic}
     bool UseCompressedOops                        = true                           {product lp64_product} {ergonomic}
     bool UseG1GC                                  = true                                      {product} {ergonomic}
     bool UseLargePagesIndividualAllocation        = false                                  {pd product} {ergonomic}

Logging:
Log output configuration:
 #0: stdout all=warning uptime,level,tags
 #1: stderr all=off uptime,level,tags

Environment Variables:
JAVA_HOME=C:\Program Files\Java\jdk-17.0.1
PATH=C:\app\rober\product\21c\dbhomeXE\bin;C:\Program Files\Common Files\Oracle\Java\javapath;C:\WINDOWS\system32;C:\WINDOWS;C:\WINDOWS\System32\Wbem;C:\WINDOWS\System32\WindowsPowerShell\v1.0\;C:\WINDOWS\System32\OpenSSH\;C:\php-8.3.10-Win32-vs16-x64;C:\xampp\php;C:\composer;c:\Program Files\nodejs\;C:\Program Files\Git\cmd;D:\Programas\Maven\apache-maven-3.9.6-bin\apache-maven-3.9.6\bin;C:\Program Files\Docker\Docker\resources\bin;C:\Users\rober\AppData\Local\Microsoft\WindowsApps;;C:\Users\rober\AppData\Local\Programs\Microsoft VS Code\bin;C:\Users\rober\AppData\Roaming\Composer\vendor\bin;C:\Users\rober\AppData\Roaming\npm;C:\Program Files\JetBrains\IntelliJ IDEA Community Edition 2025.2.1\bin
USERNAME=rober
OS=Windows_NT
PROCESSOR_IDENTIFIER=Intel64 Family 6 Model 142 Stepping 12, GenuineIntel



---------------  S Y S T E M  ---------------

OS:
 Windows 10 , 64 bit Build 22621 (10.0.22621.5415)
OS uptime: 29 days 23:35 hours
Hyper-V role detected

CPU: total 8 (initial active 8) (4 cores per cpu, 2 threads per core) family 6 model 142 stepping 12 microcode 0xde, cx8, cmov, fxsr, ht, mmx, 3dnowpref, sse, sse2, sse3, ssse3, sse4.1, sse4.2, popcnt, lzcnt, tsc, tscinvbit, avx, avx2, aes, erms, clmul, bmi1, bmi2, adx, fma, vzeroupper, clflush, clflushopt, hv

Memory: 4k page, system-wide physical 8025M (281M free)
TotalPageFile size 32601M (AvailPageFile size 2M)
current process WorkingSet (physical memory assigned to process): 174M, peak: 176M
current process commit charge ("private bytes"): 263M, peak: 264M

vm_info: Java HotSpot(TM) 64-Bit Server VM (17.0.1+12-LTS-39) for windows-amd64 JRE (17.0.1+12-LTS-39), built on Sep 27 2021 18:41:35 by "mach5one" with MS VC++ 16.8 (VS2019)

END.
